Archive member included to satisfy reference by file (symbol)

c:/program files (x86)/atmel/studio/7.0/toolchain/avr8/avr8-gnu-toolchain/bin/../lib/gcc/avr/5.4.0/avr5\libgcc.a(_udivmodsi4.o)
                              src/hal/lcd/src/lcd.o (__udivmodsi4)
c:/program files (x86)/atmel/studio/7.0/toolchain/avr8/avr8-gnu-toolchain/bin/../lib/gcc/avr/5.4.0/avr5\libgcc.a(_exit.o)
                              C:/Program Files (x86)/Atmel/Studio/7.0/Packs/atmel/ATmega_DFP/1.7.374/gcc/dev/atmega32a/avr5/crtatmega32a.o (exit)
c:/program files (x86)/atmel/studio/7.0/toolchain/avr8/avr8-gnu-toolchain/bin/../lib/gcc/avr/5.4.0/avr5\libgcc.a(_tablejump2.o)
                              src/mcal/timers/src/timers.o (__tablejump2__)
c:/program files (x86)/atmel/studio/7.0/toolchain/avr8/avr8-gnu-toolchain/bin/../lib/gcc/avr/5.4.0/avr5\libgcc.a(_copy_data.o)
                              src/hal/app.o (__do_copy_data)
c:/program files (x86)/atmel/studio/7.0/toolchain/avr8/avr8-gnu-toolchain/bin/../lib/gcc/avr/5.4.0/avr5\libgcc.a(_clear_bss.o)
                              Queue/src/queue.o (__do_clear_bss)
c:/program files (x86)/atmel/studio/7.0/toolchain/avr8/avr8-gnu-toolchain/bin/../lib/gcc/avr/5.4.0/avr5\libgcc.a(_umulhisi3.o)
                              src/mcal/adc/src/adc.o (__umulhisi3)

Allocating common symbols
Common symbol       size              file

Buffer_arr          0x64              Queue/src/queue.o
rx_buffer           0x32              src/services/comM/src/comM.o
tx_buffer           0x32              src/services/comM/src/comM.o

Discarded input sections

 .data          0x00000000        0x0 C:/Program Files (x86)/Atmel/Studio/7.0/Packs/atmel/ATmega_DFP/1.7.374/gcc/dev/atmega32a/avr5/crtatmega32a.o
 .bss           0x00000000        0x0 C:/Program Files (x86)/Atmel/Studio/7.0/Packs/atmel/ATmega_DFP/1.7.374/gcc/dev/atmega32a/avr5/crtatmega32a.o
 .text          0x00000000        0x0 Queue/src/queue.o
 .data          0x00000000        0x0 Queue/src/queue.o
 .bss           0x00000000        0x0 Queue/src/queue.o
 .text          0x00000000        0x0 src/hal/app.o
 .data          0x00000000        0x0 src/hal/app.o
 .bss           0x00000000        0x0 src/hal/app.o
 .text          0x00000000        0x0 src/hal/button/src/button.o
 .data          0x00000000        0x0 src/hal/button/src/button.o
 .bss           0x00000000        0x0 src/hal/button/src/button.o
 .text.button_vidinit
                0x00000000       0x2a src/hal/button/src/button.o
 .text.button_enuGetStatus
                0x00000000       0x5c src/hal/button/src/button.o
 .debug_info    0x00000000      0x288 src/hal/button/src/button.o
 .debug_abbrev  0x00000000       0xd0 src/hal/button/src/button.o
 .debug_loc     0x00000000       0xa4 src/hal/button/src/button.o
 .debug_aranges
                0x00000000       0x28 src/hal/button/src/button.o
 .debug_ranges  0x00000000       0x18 src/hal/button/src/button.o
 .debug_line    0x00000000      0x10c src/hal/button/src/button.o
 .debug_str     0x00000000      0x29f src/hal/button/src/button.o
 .comment       0x00000000       0x31 src/hal/button/src/button.o
 .debug_frame   0x00000000       0x34 src/hal/button/src/button.o
 .text          0x00000000        0x0 src/hal/keypad/src/keypad.o
 .data          0x00000000        0x0 src/hal/keypad/src/keypad.o
 .bss           0x00000000        0x0 src/hal/keypad/src/keypad.o
 .text.keypad_vidInit
                0x00000000       0x96 src/hal/keypad/src/keypad.o
 .text.keypad_u8GetKey
                0x00000000       0xc8 src/hal/keypad/src/keypad.o
 .rodata.keys_array
                0x00000000       0x10 src/hal/keypad/src/keypad.o
 .rodata.col_port_arr
                0x00000000        0x4 src/hal/keypad/src/keypad.o
 .rodata.row_port_arr
                0x00000000        0x4 src/hal/keypad/src/keypad.o
 .rodata.col_channal_arr
                0x00000000        0x4 src/hal/keypad/src/keypad.o
 .rodata.row_channal_arr
                0x00000000        0x4 src/hal/keypad/src/keypad.o
 .debug_info    0x00000000      0x3c6 src/hal/keypad/src/keypad.o
 .debug_abbrev  0x00000000      0x169 src/hal/keypad/src/keypad.o
 .debug_loc     0x00000000      0x199 src/hal/keypad/src/keypad.o
 .debug_aranges
                0x00000000       0x28 src/hal/keypad/src/keypad.o
 .debug_ranges  0x00000000       0x18 src/hal/keypad/src/keypad.o
 .debug_line    0x00000000      0x268 src/hal/keypad/src/keypad.o
 .debug_str     0x00000000      0x310 src/hal/keypad/src/keypad.o
 .comment       0x00000000       0x31 src/hal/keypad/src/keypad.o
 .debug_frame   0x00000000       0x60 src/hal/keypad/src/keypad.o
 .text          0x00000000        0x0 src/hal/lcd/src/lcd.o
 .data          0x00000000        0x0 src/hal/lcd/src/lcd.o
 .bss           0x00000000        0x0 src/hal/lcd/src/lcd.o
 .text.enablePulse
                0x00000000       0x2a src/hal/lcd/src/lcd.o
 .text.lcd_vidSendCmd
                0x00000000       0x8a src/hal/lcd/src/lcd.o
 .text.lcd_vidSendData
                0x00000000       0x8a src/hal/lcd/src/lcd.o
 .text.lcd_vidGotoRowColumn
                0x00000000       0x38 src/hal/lcd/src/lcd.o
 .text.lcd_vidDisplyChar
                0x00000000        0x6 src/hal/lcd/src/lcd.o
 .text.lcd_vidDisplyStr
                0x00000000       0x1a src/hal/lcd/src/lcd.o
 .text.lcd_vidCustomWrite
                0x00000000       0x54 src/hal/lcd/src/lcd.o
 .text.lcd_vidInit
                0x00000000       0x92 src/hal/lcd/src/lcd.o
 .text.lcd_vidClear
                0x00000000        0x8 src/hal/lcd/src/lcd.o
 .text.lcd_vidWritenum
                0x00000000       0xca src/hal/lcd/src/lcd.o
 .debug_info    0x00000000      0xa05 src/hal/lcd/src/lcd.o
 .debug_abbrev  0x00000000      0x211 src/hal/lcd/src/lcd.o
 .debug_loc     0x00000000      0x576 src/hal/lcd/src/lcd.o
 .debug_aranges
                0x00000000       0x68 src/hal/lcd/src/lcd.o
 .debug_ranges  0x00000000       0x58 src/hal/lcd/src/lcd.o
 .debug_line    0x00000000      0x42c src/hal/lcd/src/lcd.o
 .debug_str     0x00000000      0x43c src/hal/lcd/src/lcd.o
 .comment       0x00000000       0x31 src/hal/lcd/src/lcd.o
 .debug_frame   0x00000000      0x114 src/hal/lcd/src/lcd.o
 .text          0x00000000        0x0 src/hal/lcd/src/lcd_cfg.o
 .data          0x00000000        0x0 src/hal/lcd/src/lcd_cfg.o
 .bss           0x00000000        0x0 src/hal/lcd/src/lcd_cfg.o
 .data.customChar
                0x00000000       0x40 src/hal/lcd/src/lcd_cfg.o
 .debug_info    0x00000000       0x8f src/hal/lcd/src/lcd_cfg.o
 .debug_abbrev  0x00000000       0x4b src/hal/lcd/src/lcd_cfg.o
 .debug_aranges
                0x00000000       0x18 src/hal/lcd/src/lcd_cfg.o
 .debug_line    0x00000000       0x50 src/hal/lcd/src/lcd_cfg.o
 .debug_str     0x00000000      0x170 src/hal/lcd/src/lcd_cfg.o
 .comment       0x00000000       0x31 src/hal/lcd/src/lcd_cfg.o
 .text          0x00000000        0x0 src/hal/led/src/led.o
 .data          0x00000000        0x0 src/hal/led/src/led.o
 .bss           0x00000000        0x0 src/hal/led/src/led.o
 .text.led_toggle
                0x00000000       0x38 src/hal/led/src/led.o
 .text          0x00000000        0x0 src/mcal/adc/src/adc.o
 .data          0x00000000        0x0 src/mcal/adc/src/adc.o
 .bss           0x00000000        0x0 src/mcal/adc/src/adc.o
 .text.ADC_Init
                0x00000000       0x50 src/mcal/adc/src/adc.o
 .text.ADC_Read
                0x00000000       0x1c src/mcal/adc/src/adc.o
 .text.ADC_Interrupt
                0x00000000       0x1a src/mcal/adc/src/adc.o
 .text.ADC_SetCallBack
                0x00000000        0xa src/mcal/adc/src/adc.o
 .text.TEMP_Read
                0x00000000       0x3a src/mcal/adc/src/adc.o
 .text          0x00000000        0x0 src/mcal/dio/src/dio.o
 .data          0x00000000        0x0 src/mcal/dio/src/dio.o
 .bss           0x00000000        0x0 src/mcal/dio/src/dio.o
 .text.dio_vidWriteChannelGroup
                0x00000000        0x2 src/mcal/dio/src/dio.o
 .text.dio_vidFlipChannel
                0x00000000       0x68 src/mcal/dio/src/dio.o
 .text.dio_dioLevelReadChannel
                0x00000000       0x5c src/mcal/dio/src/dio.o
 .text.dio_vidEnablePullUp
                0x00000000        0x2 src/mcal/dio/src/dio.o
 .text          0x00000000        0x0 src/mcal/exti/src/EXT_INT.o
 .data          0x00000000        0x0 src/mcal/exti/src/EXT_INT.o
 .bss           0x00000000        0x0 src/mcal/exti/src/EXT_INT.o
 .text.EXT_voidEnableExtInt
                0x00000000       0xd2 src/mcal/exti/src/EXT_INT.o
 .text.EXT_voidDisableExtInt
                0x00000000       0x24 src/mcal/exti/src/EXT_INT.o
 .text.SetCallBack_ExtInt
                0x00000000       0x1e src/mcal/exti/src/EXT_INT.o
 .text          0x00000000        0x0 src/mcal/timers/src/timers.o
 .data          0x00000000        0x0 src/mcal/timers/src/timers.o
 .bss           0x00000000        0x0 src/mcal/timers/src/timers.o
 .text.Timer0_Init
                0x00000000      0x16c src/mcal/timers/src/timers.o
 .progmem.gcc_sw_table.Timer0_Init
                0x00000000       0x10 src/mcal/timers/src/timers.o
 .text.Timer0_StartFrom
                0x00000000        0x4 src/mcal/timers/src/timers.o
 .text.Timer0_Read
                0x00000000        0x4 src/mcal/timers/src/timers.o
 .text.Timer0_End_at
                0x00000000        0x6 src/mcal/timers/src/timers.o
 .text.Timer0_Delay_ms
                0x00000000       0x62 src/mcal/timers/src/timers.o
 .text.Timer0_Interrupt
                0x00000000       0x3e src/mcal/timers/src/timers.o
 .text.Timer0_SetCallBack_Interrupt
                0x00000000       0x1e src/mcal/timers/src/timers.o
 .text.Timer1_Init
                0x00000000       0xc8 src/mcal/timers/src/timers.o
 .text.Timer1_OCU_Init
                0x00000000       0x9a src/mcal/timers/src/timers.o
 .text.Timer1_StartFrom
                0x00000000        0x6 src/mcal/timers/src/timers.o
 .text.Timer1_Read
                0x00000000        0x6 src/mcal/timers/src/timers.o
 .text.Timer1_Interrupt
                0x00000000       0x76 src/mcal/timers/src/timers.o
 .text.Timer1_End_at
                0x00000000       0x16 src/mcal/timers/src/timers.o
 .text.Timer1_SetCallBack_Interrupt
                0x00000000       0x38 src/mcal/timers/src/timers.o
 .text.Timer2_Init
                0x00000000      0x12e src/mcal/timers/src/timers.o
 .text.Timer2_StartFrom
                0x00000000        0x4 src/mcal/timers/src/timers.o
 .text.Timer2_Read
                0x00000000        0x4 src/mcal/timers/src/timers.o
 .text.Timer2_End_at
                0x00000000        0x4 src/mcal/timers/src/timers.o
 .text.Timer2_Interrupt
                0x00000000       0x3e src/mcal/timers/src/timers.o
 .text.Timer2_SetCallBack_Interrupt
                0x00000000       0x1e src/mcal/timers/src/timers.o
 .text          0x00000000        0x0 src/mcal/uart/src/uart.o
 .data          0x00000000        0x0 src/mcal/uart/src/uart.o
 .bss           0x00000000        0x0 src/mcal/uart/src/uart.o
 .text.UART_TransmitStrPoll
                0x00000000       0x1a src/mcal/uart/src/uart.o
 .bss.flag      0x00000000        0x1 src/mcal/uart/src/uart.o
 .text          0x00000000        0x0 src/services/comM/src/comM.o
 .data          0x00000000        0x0 src/services/comM/src/comM.o
 .bss           0x00000000        0x0 src/services/comM/src/comM.o
 .text.Message_Is_Complete
                0x00000000       0x12 src/services/comM/src/comM.o
 .text.Receive_Message
                0x00000000       0x22 src/services/comM/src/comM.o
 .bss.Rx_Start  0x00000000        0x1 src/services/comM/src/comM.o
 .bss.Tx_Start  0x00000000        0x1 src/services/comM/src/comM.o
 .text          0x00000000        0x0 c:/program files (x86)/atmel/studio/7.0/toolchain/avr8/avr8-gnu-toolchain/bin/../lib/gcc/avr/5.4.0/avr5\libgcc.a(_udivmodsi4.o)
 .data          0x00000000        0x0 c:/program files (x86)/atmel/studio/7.0/toolchain/avr8/avr8-gnu-toolchain/bin/../lib/gcc/avr/5.4.0/avr5\libgcc.a(_udivmodsi4.o)
 .bss           0x00000000        0x0 c:/program files (x86)/atmel/studio/7.0/toolchain/avr8/avr8-gnu-toolchain/bin/../lib/gcc/avr/5.4.0/avr5\libgcc.a(_udivmodsi4.o)
 .text.libgcc.mul
                0x00000000        0x0 c:/program files (x86)/atmel/studio/7.0/toolchain/avr8/avr8-gnu-toolchain/bin/../lib/gcc/avr/5.4.0/avr5\libgcc.a(_udivmodsi4.o)
 .text.libgcc.div
                0x00000000       0x44 c:/program files (x86)/atmel/studio/7.0/toolchain/avr8/avr8-gnu-toolchain/bin/../lib/gcc/avr/5.4.0/avr5\libgcc.a(_udivmodsi4.o)
 .text.libgcc   0x00000000        0x0 c:/program files (x86)/atmel/studio/7.0/toolchain/avr8/avr8-gnu-toolchain/bin/../lib/gcc/avr/5.4.0/avr5\libgcc.a(_udivmodsi4.o)
 .text.libgcc.prologue
                0x00000000        0x0 c:/program files (x86)/atmel/studio/7.0/toolchain/avr8/avr8-gnu-toolchain/bin/../lib/gcc/avr/5.4.0/avr5\libgcc.a(_udivmodsi4.o)
 .text.libgcc.builtins
                0x00000000        0x0 c:/program files (x86)/atmel/studio/7.0/toolchain/avr8/avr8-gnu-toolchain/bin/../lib/gcc/avr/5.4.0/avr5\libgcc.a(_udivmodsi4.o)
 .text.libgcc.fmul
                0x00000000        0x0 c:/program files (x86)/atmel/studio/7.0/toolchain/avr8/avr8-gnu-toolchain/bin/../lib/gcc/avr/5.4.0/avr5\libgcc.a(_udivmodsi4.o)
 .text.libgcc.fixed
                0x00000000        0x0 c:/program files (x86)/atmel/studio/7.0/toolchain/avr8/avr8-gnu-toolchain/bin/../lib/gcc/avr/5.4.0/avr5\libgcc.a(_udivmodsi4.o)
 .text          0x00000000        0x0 c:/program files (x86)/atmel/studio/7.0/toolchain/avr8/avr8-gnu-toolchain/bin/../lib/gcc/avr/5.4.0/avr5\libgcc.a(_exit.o)
 .data          0x00000000        0x0 c:/program files (x86)/atmel/studio/7.0/toolchain/avr8/avr8-gnu-toolchain/bin/../lib/gcc/avr/5.4.0/avr5\libgcc.a(_exit.o)
 .bss           0x00000000        0x0 c:/program files (x86)/atmel/studio/7.0/toolchain/avr8/avr8-gnu-toolchain/bin/../lib/gcc/avr/5.4.0/avr5\libgcc.a(_exit.o)
 .text.libgcc.mul
                0x00000000        0x0 c:/program files (x86)/atmel/studio/7.0/toolchain/avr8/avr8-gnu-toolchain/bin/../lib/gcc/avr/5.4.0/avr5\libgcc.a(_exit.o)
 .text.libgcc.div
                0x00000000        0x0 c:/program files (x86)/atmel/studio/7.0/toolchain/avr8/avr8-gnu-toolchain/bin/../lib/gcc/avr/5.4.0/avr5\libgcc.a(_exit.o)
 .text.libgcc   0x00000000        0x0 c:/program files (x86)/atmel/studio/7.0/toolchain/avr8/avr8-gnu-toolchain/bin/../lib/gcc/avr/5.4.0/avr5\libgcc.a(_exit.o)
 .text.libgcc.prologue
                0x00000000        0x0 c:/program files (x86)/atmel/studio/7.0/toolchain/avr8/avr8-gnu-toolchain/bin/../lib/gcc/avr/5.4.0/avr5\libgcc.a(_exit.o)
 .text.libgcc.builtins
                0x00000000        0x0 c:/program files (x86)/atmel/studio/7.0/toolchain/avr8/avr8-gnu-toolchain/bin/../lib/gcc/avr/5.4.0/avr5\libgcc.a(_exit.o)
 .text.libgcc.fmul
                0x00000000        0x0 c:/program files (x86)/atmel/studio/7.0/toolchain/avr8/avr8-gnu-toolchain/bin/../lib/gcc/avr/5.4.0/avr5\libgcc.a(_exit.o)
 .text.libgcc.fixed
                0x00000000        0x0 c:/program files (x86)/atmel/studio/7.0/toolchain/avr8/avr8-gnu-toolchain/bin/../lib/gcc/avr/5.4.0/avr5\libgcc.a(_exit.o)
 .text          0x00000000        0x0 c:/program files (x86)/atmel/studio/7.0/toolchain/avr8/avr8-gnu-toolchain/bin/../lib/gcc/avr/5.4.0/avr5\libgcc.a(_tablejump2.o)
 .data          0x00000000        0x0 c:/program files (x86)/atmel/studio/7.0/toolchain/avr8/avr8-gnu-toolchain/bin/../lib/gcc/avr/5.4.0/avr5\libgcc.a(_tablejump2.o)
 .bss           0x00000000        0x0 c:/program files (x86)/atmel/studio/7.0/toolchain/avr8/avr8-gnu-toolchain/bin/../lib/gcc/avr/5.4.0/avr5\libgcc.a(_tablejump2.o)
 .text.libgcc.mul
                0x00000000        0x0 c:/program files (x86)/atmel/studio/7.0/toolchain/avr8/avr8-gnu-toolchain/bin/../lib/gcc/avr/5.4.0/avr5\libgcc.a(_tablejump2.o)
 .text.libgcc.div
                0x00000000        0x0 c:/program files (x86)/atmel/studio/7.0/toolchain/avr8/avr8-gnu-toolchain/bin/../lib/gcc/avr/5.4.0/avr5\libgcc.a(_tablejump2.o)
 .text.libgcc   0x00000000        0xc c:/program files (x86)/atmel/studio/7.0/toolchain/avr8/avr8-gnu-toolchain/bin/../lib/gcc/avr/5.4.0/avr5\libgcc.a(_tablejump2.o)
 .text.libgcc.prologue
                0x00000000        0x0 c:/program files (x86)/atmel/studio/7.0/toolchain/avr8/avr8-gnu-toolchain/bin/../lib/gcc/avr/5.4.0/avr5\libgcc.a(_tablejump2.o)
 .text.libgcc.builtins
                0x00000000        0x0 c:/program files (x86)/atmel/studio/7.0/toolchain/avr8/avr8-gnu-toolchain/bin/../lib/gcc/avr/5.4.0/avr5\libgcc.a(_tablejump2.o)
 .text.libgcc.fmul
                0x00000000        0x0 c:/program files (x86)/atmel/studio/7.0/toolchain/avr8/avr8-gnu-toolchain/bin/../lib/gcc/avr/5.4.0/avr5\libgcc.a(_tablejump2.o)
 .text.libgcc.fixed
                0x00000000        0x0 c:/program files (x86)/atmel/studio/7.0/toolchain/avr8/avr8-gnu-toolchain/bin/../lib/gcc/avr/5.4.0/avr5\libgcc.a(_tablejump2.o)
 .text          0x00000000        0x0 c:/program files (x86)/atmel/studio/7.0/toolchain/avr8/avr8-gnu-toolchain/bin/../lib/gcc/avr/5.4.0/avr5\libgcc.a(_copy_data.o)
 .data          0x00000000        0x0 c:/program files (x86)/atmel/studio/7.0/toolchain/avr8/avr8-gnu-toolchain/bin/../lib/gcc/avr/5.4.0/avr5\libgcc.a(_copy_data.o)
 .bss           0x00000000        0x0 c:/program files (x86)/atmel/studio/7.0/toolchain/avr8/avr8-gnu-toolchain/bin/../lib/gcc/avr/5.4.0/avr5\libgcc.a(_copy_data.o)
 .text.libgcc.mul
                0x00000000        0x0 c:/program files (x86)/atmel/studio/7.0/toolchain/avr8/avr8-gnu-toolchain/bin/../lib/gcc/avr/5.4.0/avr5\libgcc.a(_copy_data.o)
 .text.libgcc.div
                0x00000000        0x0 c:/program files (x86)/atmel/studio/7.0/toolchain/avr8/avr8-gnu-toolchain/bin/../lib/gcc/avr/5.4.0/avr5\libgcc.a(_copy_data.o)
 .text.libgcc   0x00000000        0x0 c:/program files (x86)/atmel/studio/7.0/toolchain/avr8/avr8-gnu-toolchain/bin/../lib/gcc/avr/5.4.0/avr5\libgcc.a(_copy_data.o)
 .text.libgcc.prologue
                0x00000000        0x0 c:/program files (x86)/atmel/studio/7.0/toolchain/avr8/avr8-gnu-toolchain/bin/../lib/gcc/avr/5.4.0/avr5\libgcc.a(_copy_data.o)
 .text.libgcc.builtins
                0x00000000        0x0 c:/program files (x86)/atmel/studio/7.0/toolchain/avr8/avr8-gnu-toolchain/bin/../lib/gcc/avr/5.4.0/avr5\libgcc.a(_copy_data.o)
 .text.libgcc.fmul
                0x00000000        0x0 c:/program files (x86)/atmel/studio/7.0/toolchain/avr8/avr8-gnu-toolchain/bin/../lib/gcc/avr/5.4.0/avr5\libgcc.a(_copy_data.o)
 .text.libgcc.fixed
                0x00000000        0x0 c:/program files (x86)/atmel/studio/7.0/toolchain/avr8/avr8-gnu-toolchain/bin/../lib/gcc/avr/5.4.0/avr5\libgcc.a(_copy_data.o)
 .text          0x00000000        0x0 c:/program files (x86)/atmel/studio/7.0/toolchain/avr8/avr8-gnu-toolchain/bin/../lib/gcc/avr/5.4.0/avr5\libgcc.a(_clear_bss.o)
 .data          0x00000000        0x0 c:/program files (x86)/atmel/studio/7.0/toolchain/avr8/avr8-gnu-toolchain/bin/../lib/gcc/avr/5.4.0/avr5\libgcc.a(_clear_bss.o)
 .bss           0x00000000        0x0 c:/program files (x86)/atmel/studio/7.0/toolchain/avr8/avr8-gnu-toolchain/bin/../lib/gcc/avr/5.4.0/avr5\libgcc.a(_clear_bss.o)
 .text.libgcc.mul
                0x00000000        0x0 c:/program files (x86)/atmel/studio/7.0/toolchain/avr8/avr8-gnu-toolchain/bin/../lib/gcc/avr/5.4.0/avr5\libgcc.a(_clear_bss.o)
 .text.libgcc.div
                0x00000000        0x0 c:/program files (x86)/atmel/studio/7.0/toolchain/avr8/avr8-gnu-toolchain/bin/../lib/gcc/avr/5.4.0/avr5\libgcc.a(_clear_bss.o)
 .text.libgcc   0x00000000        0x0 c:/program files (x86)/atmel/studio/7.0/toolchain/avr8/avr8-gnu-toolchain/bin/../lib/gcc/avr/5.4.0/avr5\libgcc.a(_clear_bss.o)
 .text.libgcc.prologue
                0x00000000        0x0 c:/program files (x86)/atmel/studio/7.0/toolchain/avr8/avr8-gnu-toolchain/bin/../lib/gcc/avr/5.4.0/avr5\libgcc.a(_clear_bss.o)
 .text.libgcc.builtins
                0x00000000        0x0 c:/program files (x86)/atmel/studio/7.0/toolchain/avr8/avr8-gnu-toolchain/bin/../lib/gcc/avr/5.4.0/avr5\libgcc.a(_clear_bss.o)
 .text.libgcc.fmul
                0x00000000        0x0 c:/program files (x86)/atmel/studio/7.0/toolchain/avr8/avr8-gnu-toolchain/bin/../lib/gcc/avr/5.4.0/avr5\libgcc.a(_clear_bss.o)
 .text.libgcc.fixed
                0x00000000        0x0 c:/program files (x86)/atmel/studio/7.0/toolchain/avr8/avr8-gnu-toolchain/bin/../lib/gcc/avr/5.4.0/avr5\libgcc.a(_clear_bss.o)
 .text          0x00000000        0x0 c:/program files (x86)/atmel/studio/7.0/toolchain/avr8/avr8-gnu-toolchain/bin/../lib/gcc/avr/5.4.0/avr5\libgcc.a(_umulhisi3.o)
 .data          0x00000000        0x0 c:/program files (x86)/atmel/studio/7.0/toolchain/avr8/avr8-gnu-toolchain/bin/../lib/gcc/avr/5.4.0/avr5\libgcc.a(_umulhisi3.o)
 .bss           0x00000000        0x0 c:/program files (x86)/atmel/studio/7.0/toolchain/avr8/avr8-gnu-toolchain/bin/../lib/gcc/avr/5.4.0/avr5\libgcc.a(_umulhisi3.o)
 .text.libgcc.mul
                0x00000000       0x1e c:/program files (x86)/atmel/studio/7.0/toolchain/avr8/avr8-gnu-toolchain/bin/../lib/gcc/avr/5.4.0/avr5\libgcc.a(_umulhisi3.o)
 .text.libgcc.div
                0x00000000        0x0 c:/program files (x86)/atmel/studio/7.0/toolchain/avr8/avr8-gnu-toolchain/bin/../lib/gcc/avr/5.4.0/avr5\libgcc.a(_umulhisi3.o)
 .text.libgcc   0x00000000        0x0 c:/program files (x86)/atmel/studio/7.0/toolchain/avr8/avr8-gnu-toolchain/bin/../lib/gcc/avr/5.4.0/avr5\libgcc.a(_umulhisi3.o)
 .text.libgcc.prologue
                0x00000000        0x0 c:/program files (x86)/atmel/studio/7.0/toolchain/avr8/avr8-gnu-toolchain/bin/../lib/gcc/avr/5.4.0/avr5\libgcc.a(_umulhisi3.o)
 .text.libgcc.builtins
                0x00000000        0x0 c:/program files (x86)/atmel/studio/7.0/toolchain/avr8/avr8-gnu-toolchain/bin/../lib/gcc/avr/5.4.0/avr5\libgcc.a(_umulhisi3.o)
 .text.libgcc.fmul
                0x00000000        0x0 c:/program files (x86)/atmel/studio/7.0/toolchain/avr8/avr8-gnu-toolchain/bin/../lib/gcc/avr/5.4.0/avr5\libgcc.a(_umulhisi3.o)
 .text.libgcc.fixed
                0x00000000        0x0 c:/program files (x86)/atmel/studio/7.0/toolchain/avr8/avr8-gnu-toolchain/bin/../lib/gcc/avr/5.4.0/avr5\libgcc.a(_umulhisi3.o)

Memory Configuration

Name             Origin             Length             Attributes
text             0x00000000         0x00008000         xr
data             0x00800060         0x00000800         rw !x
eeprom           0x00810000         0x00000400         rw !x
fuse             0x00820000         0x00000002         rw !x
lock             0x00830000         0x00000400         rw !x
signature        0x00840000         0x00000400         rw !x
user_signatures  0x00850000         0x00000400         rw !x
*default*        0x00000000         0xffffffff

Linker script and memory map

LOAD C:/Program Files (x86)/Atmel/Studio/7.0/Packs/atmel/ATmega_DFP/1.7.374/gcc/dev/atmega32a/avr5/crtatmega32a.o
LOAD Queue/src/queue.o
LOAD src/hal/app.o
LOAD src/hal/button/src/button.o
LOAD src/hal/keypad/src/keypad.o
LOAD src/hal/lcd/src/lcd.o
LOAD src/hal/lcd/src/lcd_cfg.o
LOAD src/hal/led/src/led.o
LOAD src/mcal/adc/src/adc.o
LOAD src/mcal/dio/src/dio.o
LOAD src/mcal/exti/src/EXT_INT.o
LOAD src/mcal/timers/src/timers.o
LOAD src/mcal/uart/src/uart.o
LOAD src/services/comM/src/comM.o
START GROUP
LOAD c:/program files (x86)/atmel/studio/7.0/toolchain/avr8/avr8-gnu-toolchain/bin/../lib/gcc/avr/5.4.0/../../../../avr/lib/avr5\libm.a
END GROUP
START GROUP
LOAD c:/program files (x86)/atmel/studio/7.0/toolchain/avr8/avr8-gnu-toolchain/bin/../lib/gcc/avr/5.4.0/avr5\libgcc.a
LOAD c:/program files (x86)/atmel/studio/7.0/toolchain/avr8/avr8-gnu-toolchain/bin/../lib/gcc/avr/5.4.0/../../../../avr/lib/avr5\libm.a
LOAD c:/program files (x86)/atmel/studio/7.0/toolchain/avr8/avr8-gnu-toolchain/bin/../lib/gcc/avr/5.4.0/../../../../avr/lib/avr5\libc.a
LOAD C:/Program Files (x86)/Atmel/Studio/7.0/Packs/atmel/ATmega_DFP/1.7.374/gcc/dev/atmega32a/avr5\libatmega32a.a
END GROUP
                [0x00000000]                __TEXT_REGION_ORIGIN__ = DEFINED (__TEXT_REGION_ORIGIN__)?__TEXT_REGION_ORIGIN__:0x0
                [0x00800060]                __DATA_REGION_ORIGIN__ = DEFINED (__DATA_REGION_ORIGIN__)?__DATA_REGION_ORIGIN__:0x800060
                [0x00008000]                __TEXT_REGION_LENGTH__ = DEFINED (__TEXT_REGION_LENGTH__)?__TEXT_REGION_LENGTH__:0x20000
                [0x00000800]                __DATA_REGION_LENGTH__ = DEFINED (__DATA_REGION_LENGTH__)?__DATA_REGION_LENGTH__:0xffa0
                [0x00000400]                __EEPROM_REGION_LENGTH__ = DEFINED (__EEPROM_REGION_LENGTH__)?__EEPROM_REGION_LENGTH__:0x10000
                [0x00000002]                __FUSE_REGION_LENGTH__ = DEFINED (__FUSE_REGION_LENGTH__)?__FUSE_REGION_LENGTH__:0x400
                0x00000400                __LOCK_REGION_LENGTH__ = DEFINED (__LOCK_REGION_LENGTH__)?__LOCK_REGION_LENGTH__:0x400
                0x00000400                __SIGNATURE_REGION_LENGTH__ = DEFINED (__SIGNATURE_REGION_LENGTH__)?__SIGNATURE_REGION_LENGTH__:0x400
                0x00000400                __USER_SIGNATURE_REGION_LENGTH__ = DEFINED (__USER_SIGNATURE_REGION_LENGTH__)?__USER_SIGNATURE_REGION_LENGTH__:0x400

.hash
 *(.hash)

.dynsym
 *(.dynsym)

.dynstr
 *(.dynstr)

.gnu.version
 *(.gnu.version)

.gnu.version_d
 *(.gnu.version_d)

.gnu.version_r
 *(.gnu.version_r)

.rel.init
 *(.rel.init)

.rela.init
 *(.rela.init)

.rel.text
 *(.rel.text)
 *(.rel.text.*)
 *(.rel.gnu.linkonce.t*)

.rela.text
 *(.rela.text)
 *(.rela.text.*)
 *(.rela.gnu.linkonce.t*)

.rel.fini
 *(.rel.fini)

.rela.fini
 *(.rela.fini)

.rel.rodata
 *(.rel.rodata)
 *(.rel.rodata.*)
 *(.rel.gnu.linkonce.r*)

.rela.rodata
 *(.rela.rodata)
 *(.rela.rodata.*)
 *(.rela.gnu.linkonce.r*)

.rel.data
 *(.rel.data)
 *(.rel.data.*)
 *(.rel.gnu.linkonce.d*)

.rela.data
 *(.rela.data)
 *(.rela.data.*)
 *(.rela.gnu.linkonce.d*)

.rel.ctors
 *(.rel.ctors)

.rela.ctors
 *(.rela.ctors)

.rel.dtors
 *(.rel.dtors)

.rela.dtors
 *(.rela.dtors)

.rel.got
 *(.rel.got)

.rela.got
 *(.rela.got)

.rel.bss
 *(.rel.bss)

.rela.bss
 *(.rela.bss)

.rel.plt
 *(.rel.plt)

.rela.plt
 *(.rela.plt)

.text           0x00000000      0x980
 *(.vectors)
 .vectors       0x00000000       0x54 C:/Program Files (x86)/Atmel/Studio/7.0/Packs/atmel/ATmega_DFP/1.7.374/gcc/dev/atmega32a/avr5/crtatmega32a.o
                0x00000000                __vector_default
                0x00000000                __vectors
 *(.vectors)
 *(.progmem.gcc*)
                0x00000054                . = ALIGN (0x2)
                0x00000054                __trampolines_start = .
 *(.trampolines)
 .trampolines   0x00000054        0x0 linker stubs
 *(.trampolines*)
                0x00000054                __trampolines_end = .
 *libprintf_flt.a:*(.progmem.data)
 *libc.a:*(.progmem.data)
 *(.progmem*)
                0x00000054                . = ALIGN (0x2)
 *(.jumptables)
 *(.jumptables*)
 *(.lowtext)
 *(.lowtext*)
                0x00000054                __ctors_start = .
 *(.ctors)
                0x00000054                __ctors_end = .
                0x00000054                __dtors_start = .
 *(.dtors)
                0x00000054                __dtors_end = .
 SORT(*)(.ctors)
 SORT(*)(.dtors)
 *(.init0)
 .init0         0x00000054        0x0 C:/Program Files (x86)/Atmel/Studio/7.0/Packs/atmel/ATmega_DFP/1.7.374/gcc/dev/atmega32a/avr5/crtatmega32a.o
                0x00000054                __init
 *(.init0)
 *(.init1)
 *(.init1)
 *(.init2)
 .init2         0x00000054        0xc C:/Program Files (x86)/Atmel/Studio/7.0/Packs/atmel/ATmega_DFP/1.7.374/gcc/dev/atmega32a/avr5/crtatmega32a.o
 *(.init2)
 *(.init3)
 *(.init3)
 *(.init4)
 .init4         0x00000060       0x16 c:/program files (x86)/atmel/studio/7.0/toolchain/avr8/avr8-gnu-toolchain/bin/../lib/gcc/avr/5.4.0/avr5\libgcc.a(_copy_data.o)
                0x00000060                __do_copy_data
 .init4         0x00000076       0x10 c:/program files (x86)/atmel/studio/7.0/toolchain/avr8/avr8-gnu-toolchain/bin/../lib/gcc/avr/5.4.0/avr5\libgcc.a(_clear_bss.o)
                0x00000076                __do_clear_bss
 *(.init4)
 *(.init5)
 *(.init5)
 *(.init6)
 *(.init6)
 *(.init7)
 *(.init7)
 *(.init8)
 *(.init8)
 *(.init9)
 .init9         0x00000086        0x8 C:/Program Files (x86)/Atmel/Studio/7.0/Packs/atmel/ATmega_DFP/1.7.374/gcc/dev/atmega32a/avr5/crtatmega32a.o
 *(.init9)
 *(.text)
 .text          0x0000008e        0x4 C:/Program Files (x86)/Atmel/Studio/7.0/Packs/atmel/ATmega_DFP/1.7.374/gcc/dev/atmega32a/avr5/crtatmega32a.o
                0x0000008e                __bad_interrupt
                0x0000008e                __vector_17
                0x0000008e                __vector_19
                0x0000008e                __vector_14
                0x0000008e                __vector_18
                0x0000008e                __vector_20
                0x0000008e                __vector_12
                0x00000092                . = ALIGN (0x2)
 *(.text.*)
 .text.Create_Buffer
                0x00000092       0x1c Queue/src/queue.o
                0x00000092                Create_Buffer
 .text.BufferStatus
                0x000000ae       0x16 Queue/src/queue.o
                0x000000ae                BufferStatus
 .text.Add_To_Buffer
                0x000000c4       0x3c Queue/src/queue.o
                0x000000c4                Add_To_Buffer
 .text.Get_From_Buffer
                0x00000100       0x24 Queue/src/queue.o
                0x00000100                Get_From_Buffer
 .text.main     0x00000124       0x32 src/hal/app.o
                0x00000124                main
 .text.led_init
                0x00000156       0x2a src/hal/led/src/led.o
                0x00000156                led_init
 .text.led_on   0x00000180       0x40 src/hal/led/src/led.o
                0x00000180                led_on
 .text.led_off  0x000001c0       0x40 src/hal/led/src/led.o
                0x000001c0                led_off
 .text.__vector_16
                0x00000200       0x52 src/mcal/adc/src/adc.o
                0x00000200                __vector_16
 .text.dio_vidConfigChannel
                0x00000252       0xda src/mcal/dio/src/dio.o
                0x00000252                dio_vidConfigChannel
 .text.dio_vidWriteChannel
                0x0000032c       0xda src/mcal/dio/src/dio.o
                0x0000032c                dio_vidWriteChannel
 .text.EXT_voidInitGlobalInterrupts
                0x00000406        0x4 src/mcal/exti/src/EXT_INT.o
                0x00000406                EXT_voidInitGlobalInterrupts
 .text.__vector_1
                0x0000040a       0x52 src/mcal/exti/src/EXT_INT.o
                0x0000040a                __vector_1
 .text.__vector_2
                0x0000045c       0x52 src/mcal/exti/src/EXT_INT.o
                0x0000045c                __vector_2
 .text.__vector_3
                0x000004ae       0x4a src/mcal/exti/src/EXT_INT.o
                0x000004ae                __vector_3
 .text.__vector_11
                0x000004f8       0x52 src/mcal/timers/src/timers.o
                0x000004f8                __vector_11
 .text.__vector_10
                0x0000054a       0x52 src/mcal/timers/src/timers.o
                0x0000054a                __vector_10
 .text.__vector_6
                0x0000059c       0x52 src/mcal/timers/src/timers.o
                0x0000059c                __vector_6
 .text.__vector_7
                0x000005ee       0x52 src/mcal/timers/src/timers.o
                0x000005ee                __vector_7
 .text.__vector_8
                0x00000640       0x52 src/mcal/timers/src/timers.o
                0x00000640                __vector_8
 .text.__vector_9
                0x00000692       0x52 src/mcal/timers/src/timers.o
                0x00000692                __vector_9
 .text.__vector_5
                0x000006e4       0x52 src/mcal/timers/src/timers.o
                0x000006e4                __vector_5
 .text.__vector_4
                0x00000736       0x52 src/mcal/timers/src/timers.o
                0x00000736                __vector_4
 .text.UART_Init
                0x00000788       0x24 src/mcal/uart/src/uart.o
                0x00000788                UART_Init
 .text.UART_TransmitChr
                0x000007ac        0x4 src/mcal/uart/src/uart.o
                0x000007ac                UART_TransmitChr
 .text.UART_ReceiveChr
                0x000007b0        0x4 src/mcal/uart/src/uart.o
                0x000007b0                UART_ReceiveChr
 .text.UART_SetCallBacks
                0x000007b4       0x1e src/mcal/uart/src/uart.o
                0x000007b4                UART_SetCallBacks
 .text.__vector_15
                0x000007d2       0x52 src/mcal/uart/src/uart.o
                0x000007d2                __vector_15
 .text.__vector_13
                0x00000824       0x52 src/mcal/uart/src/uart.o
                0x00000824                __vector_13
 .text.Tx_CallBack_Func
                0x00000876       0x54 src/services/comM/src/comM.o
                0x00000876                Tx_CallBack_Func
 .text.Rx_CallBack_Func
                0x000008ca       0x50 src/services/comM/src/comM.o
                0x000008ca                Rx_CallBack_Func
 .text.comM_init
                0x0000091a       0x22 src/services/comM/src/comM.o
                0x0000091a                comM_init
 .text.Send_Message
                0x0000093c       0x40 src/services/comM/src/comM.o
                0x0000093c                Send_Message
                0x0000097c                . = ALIGN (0x2)
 *(.fini9)
 .fini9         0x0000097c        0x0 c:/program files (x86)/atmel/studio/7.0/toolchain/avr8/avr8-gnu-toolchain/bin/../lib/gcc/avr/5.4.0/avr5\libgcc.a(_exit.o)
                0x0000097c                _exit
                0x0000097c                exit
 *(.fini9)
 *(.fini8)
 *(.fini8)
 *(.fini7)
 *(.fini7)
 *(.fini6)
 *(.fini6)
 *(.fini5)
 *(.fini5)
 *(.fini4)
 *(.fini4)
 *(.fini3)
 *(.fini3)
 *(.fini2)
 *(.fini2)
 *(.fini1)
 *(.fini1)
 *(.fini0)
 .fini0         0x0000097c        0x4 c:/program files (x86)/atmel/studio/7.0/toolchain/avr8/avr8-gnu-toolchain/bin/../lib/gcc/avr/5.4.0/avr5\libgcc.a(_exit.o)
 *(.fini0)
                0x00000980                _etext = .

.data           0x00800060       0x1e load address 0x00000980
                0x00800060                PROVIDE (__data_start, .)
 *(.data)
 *(.data*)
 *(.gnu.linkonce.d*)
 *(.rodata)
 *(.rodata*)
 .rodata.str1.1
                0x00800060       0x1e src/hal/app.o
 *(.gnu.linkonce.r*)
                0x0080007e                . = ALIGN (0x2)
                0x0080007e                _edata = .
                0x0080007e                PROVIDE (__data_end, .)

.bss            0x0080007e       0xe9
                0x0080007e                PROVIDE (__bss_start, .)
 *(.bss)
 *(.bss*)
 .bss.buffer_size
                0x0080007e        0x1 Queue/src/queue.o
 .bss.Get_Index
                0x0080007f        0x1 Queue/src/queue.o
 .bss.Add_Index
                0x00800080        0x1 Queue/src/queue.o
 .bss.fptr_ADC  0x00800081        0x2 src/mcal/adc/src/adc.o
 .bss.Fptr_INT1
                0x00800083        0x2 src/mcal/exti/src/EXT_INT.o
 .bss.Fptr_INT0
                0x00800085        0x2 src/mcal/exti/src/EXT_INT.o
 .bss.Fptr_T2_OC
                0x00800087        0x2 src/mcal/timers/src/timers.o
 .bss.Fptr_T2_OV
                0x00800089        0x2 src/mcal/timers/src/timers.o
 .bss.Fptr_T1_ICU
                0x0080008b        0x2 src/mcal/timers/src/timers.o
 .bss.Fptr_T1_OCB
                0x0080008d        0x2 src/mcal/timers/src/timers.o
 .bss.Fptr_T1_OCA
                0x0080008f        0x2 src/mcal/timers/src/timers.o
 .bss.Fptr_T1_OV
                0x00800091        0x2 src/mcal/timers/src/timers.o
 .bss.Fptr_T0_OC
                0x00800093        0x2 src/mcal/timers/src/timers.o
 .bss.Fptr_T0_OV
                0x00800095        0x2 src/mcal/timers/src/timers.o
 .bss.Rx_PTR_CLB
                0x00800097        0x2 src/mcal/uart/src/uart.o
 .bss.Tx_PTR_CLB
                0x00800099        0x2 src/mcal/uart/src/uart.o
 .bss.First_Send
                0x0080009b        0x1 src/services/comM/src/comM.o
                0x0080009b                First_Send
 .bss.Rx_Is_Complete
                0x0080009c        0x1 src/services/comM/src/comM.o
                0x0080009c                Rx_Is_Complete
 .bss.rx_index  0x0080009d        0x1 src/services/comM/src/comM.o
                0x0080009d                rx_index
 .bss.tx_index  0x0080009e        0x1 src/services/comM/src/comM.o
                0x0080009e                tx_index
 *(COMMON)
 COMMON         0x0080009f       0x64 Queue/src/queue.o
                0x0080009f                Buffer_arr
 COMMON         0x00800103       0x64 src/services/comM/src/comM.o
                0x00800103                rx_buffer
                0x00800135                tx_buffer
                0x00800167                PROVIDE (__bss_end, .)
                0x00000980                __data_load_start = LOADADDR (.data)
                0x0000099e                __data_load_end = (__data_load_start + SIZEOF (.data))

.noinit         0x00800167        0x0
                [!provide]                PROVIDE (__noinit_start, .)
 *(.noinit*)
                [!provide]                PROVIDE (__noinit_end, .)
                0x00800167                _end = .
                [!provide]                PROVIDE (__heap_start, .)

.eeprom         0x00810000        0x0
 *(.eeprom*)
                0x00810000                __eeprom_end = .

.fuse
 *(.fuse)
 *(.lfuse)
 *(.hfuse)
 *(.efuse)

.lock
 *(.lock*)

.signature
 *(.signature*)

.user_signatures
 *(.user_signatures*)

.stab
 *(.stab)

.stabstr
 *(.stabstr)

.stab.excl
 *(.stab.excl)

.stab.exclstr
 *(.stab.exclstr)

.stab.index
 *(.stab.index)

.stab.indexstr
 *(.stab.indexstr)

.comment        0x00000000       0x30
 *(.comment)
 .comment       0x00000000       0x30 Queue/src/queue.o
                                 0x31 (size before relaxing)
 .comment       0x00000030       0x31 src/hal/app.o
 .comment       0x00000030       0x31 src/hal/led/src/led.o
 .comment       0x00000030       0x31 src/mcal/adc/src/adc.o
 .comment       0x00000030       0x31 src/mcal/dio/src/dio.o
 .comment       0x00000030       0x31 src/mcal/exti/src/EXT_INT.o
 .comment       0x00000030       0x31 src/mcal/timers/src/timers.o
 .comment       0x00000030       0x31 src/mcal/uart/src/uart.o
 .comment       0x00000030       0x31 src/services/comM/src/comM.o

.note.gnu.avr.deviceinfo
                0x00000000       0x3c
 .note.gnu.avr.deviceinfo
                0x00000000       0x3c C:/Program Files (x86)/Atmel/Studio/7.0/Packs/atmel/ATmega_DFP/1.7.374/gcc/dev/atmega32a/avr5/crtatmega32a.o

.note.gnu.build-id
 *(.note.gnu.build-id)

.debug
 *(.debug)

.line
 *(.line)

.debug_srcinfo
 *(.debug_srcinfo)

.debug_sfnames
 *(.debug_sfnames)

.debug_aranges  0x00000000      0x300
 *(.debug_aranges)
 .debug_aranges
                0x00000000       0x38 Queue/src/queue.o
 .debug_aranges
                0x00000038       0x20 src/hal/app.o
 .debug_aranges
                0x00000058       0x38 src/hal/led/src/led.o
 .debug_aranges
                0x00000090       0x48 src/mcal/adc/src/adc.o
 .debug_aranges
                0x000000d8       0x48 src/mcal/dio/src/dio.o
 .debug_aranges
                0x00000120       0x50 src/mcal/exti/src/EXT_INT.o
 .debug_aranges
                0x00000170       0xf8 src/mcal/timers/src/timers.o
 .debug_aranges
                0x00000268       0x50 src/mcal/uart/src/uart.o
 .debug_aranges
                0x000002b8       0x48 src/services/comM/src/comM.o

.debug_pubnames
 *(.debug_pubnames)

.debug_info     0x00000000     0x2153
 *(.debug_info .gnu.linkonce.wi.*)
 .debug_info    0x00000000      0x4e6 C:/Program Files (x86)/Atmel/Studio/7.0/Packs/atmel/ATmega_DFP/1.7.374/gcc/dev/atmega32a/avr5/crtatmega32a.o
 .debug_info    0x000004e6      0x1c2 Queue/src/queue.o
 .debug_info    0x000006a8      0x1a2 src/hal/app.o
 .debug_info    0x0000084a      0x392 src/hal/led/src/led.o
 .debug_info    0x00000bdc      0x2b4 src/mcal/adc/src/adc.o
 .debug_info    0x00000e90      0x2ab src/mcal/dio/src/dio.o
 .debug_info    0x0000113b      0x1f6 src/mcal/exti/src/EXT_INT.o
 .debug_info    0x00001331      0x844 src/mcal/timers/src/timers.o
 .debug_info    0x00001b75      0x203 src/mcal/uart/src/uart.o
 .debug_info    0x00001d78      0x3db src/services/comM/src/comM.o

.debug_abbrev   0x00000000      0xe49
 *(.debug_abbrev)
 .debug_abbrev  0x00000000      0x4a3 C:/Program Files (x86)/Atmel/Studio/7.0/Packs/atmel/ATmega_DFP/1.7.374/gcc/dev/atmega32a/avr5/crtatmega32a.o
 .debug_abbrev  0x000004a3      0x121 Queue/src/queue.o
 .debug_abbrev  0x000005c4       0xa2 src/hal/app.o
 .debug_abbrev  0x00000666       0xa5 src/hal/led/src/led.o
 .debug_abbrev  0x0000070b      0x122 src/mcal/adc/src/adc.o
 .debug_abbrev  0x0000082d       0xdd src/mcal/dio/src/dio.o
 .debug_abbrev  0x0000090a      0x109 src/mcal/exti/src/EXT_INT.o
 .debug_abbrev  0x00000a13      0x1ad src/mcal/timers/src/timers.o
 .debug_abbrev  0x00000bc0      0x133 src/mcal/uart/src/uart.o
 .debug_abbrev  0x00000cf3      0x156 src/services/comM/src/comM.o

.debug_line     0x00000000     0x16a8
 *(.debug_line .debug_line.* .debug_line_end)
 .debug_line    0x00000000      0x116 C:/Program Files (x86)/Atmel/Studio/7.0/Packs/atmel/ATmega_DFP/1.7.374/gcc/dev/atmega32a/avr5/crtatmega32a.o
 .debug_line    0x00000116      0x138 Queue/src/queue.o
 .debug_line    0x0000024e       0xdf src/hal/app.o
 .debug_line    0x0000032d      0x16f src/hal/led/src/led.o
 .debug_line    0x0000049c      0x194 src/mcal/adc/src/adc.o
 .debug_line    0x00000630      0x1e3 src/mcal/dio/src/dio.o
 .debug_line    0x00000813      0x222 src/mcal/exti/src/EXT_INT.o
 .debug_line    0x00000a35      0x8e1 src/mcal/timers/src/timers.o
 .debug_line    0x00001316      0x177 src/mcal/uart/src/uart.o
 .debug_line    0x0000148d      0x21b src/services/comM/src/comM.o

.debug_frame    0x00000000      0x950
 *(.debug_frame)
 .debug_frame   0x00000000       0x60 Queue/src/queue.o
 .debug_frame   0x00000060       0x24 src/hal/app.o
 .debug_frame   0x00000084       0x54 src/hal/led/src/led.o
 .debug_frame   0x000000d8       0xbc src/mcal/adc/src/adc.o
 .debug_frame   0x00000194       0x74 src/mcal/dio/src/dio.o
 .debug_frame   0x00000208      0x15c src/mcal/exti/src/EXT_INT.o
 .debug_frame   0x00000364      0x448 src/mcal/timers/src/timers.o
 .debug_frame   0x000007ac      0x120 src/mcal/uart/src/uart.o
 .debug_frame   0x000008cc       0x84 src/services/comM/src/comM.o

.debug_str      0x00000000     0x10ae
 *(.debug_str)
 .debug_str     0x00000000      0x196 C:/Program Files (x86)/Atmel/Studio/7.0/Packs/atmel/ATmega_DFP/1.7.374/gcc/dev/atmega32a/avr5/crtatmega32a.o
 .debug_str     0x00000196      0x1c6 Queue/src/queue.o
                                0x1ed (size before relaxing)
 .debug_str     0x0000035c       0xad src/hal/app.o
                                0x1f9 (size before relaxing)
 .debug_str     0x00000409       0xfd src/hal/led/src/led.o
                                0x27a (size before relaxing)
 .debug_str     0x00000506      0x178 src/mcal/adc/src/adc.o
                                0x2be (size before relaxing)
 .debug_str     0x0000067e       0xc7 src/mcal/dio/src/dio.o
                                0x2d0 (size before relaxing)
 .debug_str     0x00000745      0x120 src/mcal/exti/src/EXT_INT.o
                                0x281 (size before relaxing)
 .debug_str     0x00000865      0x6a4 src/mcal/timers/src/timers.o
                                0x826 (size before relaxing)
 .debug_str     0x00000f09       0xd7 src/mcal/uart/src/uart.o
                                0x24d (size before relaxing)
 .debug_str     0x00000fe0       0xce src/services/comM/src/comM.o
                                0x30b (size before relaxing)

.debug_loc      0x00000000     0x1a1d
 *(.debug_loc)
 .debug_loc     0x00000000      0x120 Queue/src/queue.o
 .debug_loc     0x00000120      0x144 src/hal/led/src/led.o
 .debug_loc     0x00000264      0x207 src/mcal/adc/src/adc.o
 .debug_loc     0x0000046b      0x30c src/mcal/dio/src/dio.o
 .debug_loc     0x00000777      0x3cf src/mcal/exti/src/EXT_INT.o
 .debug_loc     0x00000b46      0xbe0 src/mcal/timers/src/timers.o
 .debug_loc     0x00001726      0x213 src/mcal/uart/src/uart.o
 .debug_loc     0x00001939       0xe4 src/services/comM/src/comM.o

.debug_macinfo
 *(.debug_macinfo)

.debug_weaknames
 *(.debug_weaknames)

.debug_funcnames
 *(.debug_funcnames)

.debug_typenames
 *(.debug_typenames)

.debug_varnames
 *(.debug_varnames)

.debug_pubtypes
 *(.debug_pubtypes)

.debug_ranges   0x00000000      0x270
 *(.debug_ranges)
 .debug_ranges  0x00000000       0x28 Queue/src/queue.o
 .debug_ranges  0x00000028       0x10 src/hal/app.o
 .debug_ranges  0x00000038       0x28 src/hal/led/src/led.o
 .debug_ranges  0x00000060       0x38 src/mcal/adc/src/adc.o
 .debug_ranges  0x00000098       0x38 src/mcal/dio/src/dio.o
 .debug_ranges  0x000000d0       0x40 src/mcal/exti/src/EXT_INT.o
 .debug_ranges  0x00000110       0xe8 src/mcal/timers/src/timers.o
 .debug_ranges  0x000001f8       0x40 src/mcal/uart/src/uart.o
 .debug_ranges  0x00000238       0x38 src/services/comM/src/comM.o

.debug_macro
 *(.debug_macro)
OUTPUT(NTI_4M_Diploma.elf elf32-avr)
LOAD linker stubs
