Archive member included to satisfy reference by file (symbol)

c:/program files (x86)/atmel/studio/7.0/toolchain/avr8/avr8-gnu-toolchain/bin/../lib/gcc/avr/5.4.0/avr5\libgcc.a(_udivmodhi4.o)
                              src/mcal/adc/src/adc.o (__udivmodhi4)
c:/program files (x86)/atmel/studio/7.0/toolchain/avr8/avr8-gnu-toolchain/bin/../lib/gcc/avr/5.4.0/avr5\libgcc.a(_udivmodsi4.o)
                              src/hal/lcd/src/lcd.o (__udivmodsi4)
c:/program files (x86)/atmel/studio/7.0/toolchain/avr8/avr8-gnu-toolchain/bin/../lib/gcc/avr/5.4.0/avr5\libgcc.a(_exit.o)
                              C:/Program Files (x86)/Atmel/Studio/7.0/Packs/atmel/ATmega_DFP/1.7.374/gcc/dev/atmega32a/avr5/crtatmega32a.o (exit)
c:/program files (x86)/atmel/studio/7.0/toolchain/avr8/avr8-gnu-toolchain/bin/../lib/gcc/avr/5.4.0/avr5\libgcc.a(_tablejump2.o)
                              src/mcal/timers/src/timers.o (__tablejump2__)
c:/program files (x86)/atmel/studio/7.0/toolchain/avr8/avr8-gnu-toolchain/bin/../lib/gcc/avr/5.4.0/avr5\libgcc.a(_copy_data.o)
                              src/hal/app.o (__do_copy_data)
c:/program files (x86)/atmel/studio/7.0/toolchain/avr8/avr8-gnu-toolchain/bin/../lib/gcc/avr/5.4.0/avr5\libgcc.a(_clear_bss.o)
                              Queue/src/queue.o (__do_clear_bss)
c:/program files (x86)/atmel/studio/7.0/toolchain/avr8/avr8-gnu-toolchain/bin/../lib/gcc/avr/5.4.0/avr5\libgcc.a(_umulhisi3.o)
                              src/mcal/adc/src/adc.o (__umulhisi3)

Allocating common symbols
Common symbol       size              file

tx_1_buffer         0x32              src/services/comM/src/comM.o
Buffer_arr          0x1f4             Queue/src/queue.o
rx_buffer           0x32              src/services/comM/src/comM.o
tx_buffer           0x32              src/services/comM/src/comM.o

Discarded input sections

 .data          0x00000000        0x0 C:/Program Files (x86)/Atmel/Studio/7.0/Packs/atmel/ATmega_DFP/1.7.374/gcc/dev/atmega32a/avr5/crtatmega32a.o
 .bss           0x00000000        0x0 C:/Program Files (x86)/Atmel/Studio/7.0/Packs/atmel/ATmega_DFP/1.7.374/gcc/dev/atmega32a/avr5/crtatmega32a.o
 .text          0x00000000        0x0 Queue/src/queue.o
 .data          0x00000000        0x0 Queue/src/queue.o
 .bss           0x00000000        0x0 Queue/src/queue.o
 .text          0x00000000        0x0 src/hal/app.o
 .data          0x00000000        0x0 src/hal/app.o
 .bss           0x00000000        0x0 src/hal/app.o
 .text          0x00000000        0x0 src/hal/button/src/button.o
 .data          0x00000000        0x0 src/hal/button/src/button.o
 .bss           0x00000000        0x0 src/hal/button/src/button.o
 .text.button_vidinit
                0x00000000       0x28 src/hal/button/src/button.o
 .text.button_enuGetStatus
                0x00000000       0x32 src/hal/button/src/button.o
 .comment       0x00000000       0x31 src/hal/button/src/button.o
 .text          0x00000000        0x0 src/hal/keypad/src/keypad.o
 .data          0x00000000        0x0 src/hal/keypad/src/keypad.o
 .bss           0x00000000        0x0 src/hal/keypad/src/keypad.o
 .text.keypad_vidInit
                0x00000000       0xb4 src/hal/keypad/src/keypad.o
 .text.keypad_u8GetKey
                0x00000000       0xea src/hal/keypad/src/keypad.o
 .rodata.keys_array
                0x00000000       0x10 src/hal/keypad/src/keypad.o
 .rodata.col_port_arr
                0x00000000        0x4 src/hal/keypad/src/keypad.o
 .rodata.row_port_arr
                0x00000000        0x4 src/hal/keypad/src/keypad.o
 .rodata.col_channal_arr
                0x00000000        0x4 src/hal/keypad/src/keypad.o
 .rodata.row_channal_arr
                0x00000000        0x4 src/hal/keypad/src/keypad.o
 .comment       0x00000000       0x31 src/hal/keypad/src/keypad.o
 .text          0x00000000        0x0 src/hal/lcd/src/lcd.o
 .data          0x00000000        0x0 src/hal/lcd/src/lcd.o
 .bss           0x00000000        0x0 src/hal/lcd/src/lcd.o
 .text.enablePulse
                0x00000000       0x2a src/hal/lcd/src/lcd.o
 .text.lcd_vidSendCmd
                0x00000000       0x88 src/hal/lcd/src/lcd.o
 .text.lcd_vidSendData
                0x00000000       0x88 src/hal/lcd/src/lcd.o
 .text.lcd_vidGotoRowColumn
                0x00000000       0x26 src/hal/lcd/src/lcd.o
 .text.lcd_vidDisplyChar
                0x00000000        0x4 src/hal/lcd/src/lcd.o
 .text.lcd_vidDisplyStr
                0x00000000       0x18 src/hal/lcd/src/lcd.o
 .text.lcd_vidCustomWrite
                0x00000000       0x4c src/hal/lcd/src/lcd.o
 .text.lcd_vidInit
                0x00000000       0x8e src/hal/lcd/src/lcd.o
 .text.lcd_vidClear
                0x00000000        0x6 src/hal/lcd/src/lcd.o
 .text.lcd_vidWritenum
                0x00000000       0xf0 src/hal/lcd/src/lcd.o
 .comment       0x00000000       0x31 src/hal/lcd/src/lcd.o
 .text          0x00000000        0x0 src/hal/lcd/src/lcd_cfg.o
 .data          0x00000000        0x0 src/hal/lcd/src/lcd_cfg.o
 .bss           0x00000000        0x0 src/hal/lcd/src/lcd_cfg.o
 .data.customChar
                0x00000000       0x40 src/hal/lcd/src/lcd_cfg.o
 .comment       0x00000000       0x31 src/hal/lcd/src/lcd_cfg.o
 .text          0x00000000        0x0 src/hal/led/src/led.o
 .data          0x00000000        0x0 src/hal/led/src/led.o
 .bss           0x00000000        0x0 src/hal/led/src/led.o
 .text.led_toggle
                0x00000000       0x26 src/hal/led/src/led.o
 .text          0x00000000        0x0 src/mcal/adc/src/adc.o
 .data          0x00000000        0x0 src/mcal/adc/src/adc.o
 .bss           0x00000000        0x0 src/mcal/adc/src/adc.o
 .text.ADC_Init
                0x00000000       0x2c src/mcal/adc/src/adc.o
 .text.ADC_Read
                0x00000000       0x18 src/mcal/adc/src/adc.o
 .text.ADC_Interrupt
                0x00000000       0x12 src/mcal/adc/src/adc.o
 .text.ADC_SetCallBack
                0x00000000        0xa src/mcal/adc/src/adc.o
 .text.TEMP_Read
                0x00000000       0x2c src/mcal/adc/src/adc.o
 .text          0x00000000        0x0 src/mcal/dio/src/dio.o
 .data          0x00000000        0x0 src/mcal/dio/src/dio.o
 .bss           0x00000000        0x0 src/mcal/dio/src/dio.o
 .text.dio_vidWriteChannelGroup
                0x00000000        0x2 src/mcal/dio/src/dio.o
 .text.dio_vidFlipChannel
                0x00000000       0x60 src/mcal/dio/src/dio.o
 .text.dio_dioLevelReadChannel
                0x00000000       0x30 src/mcal/dio/src/dio.o
 .text.dio_vidEnablePullUp
                0x00000000        0x2 src/mcal/dio/src/dio.o
 .text          0x00000000        0x0 src/mcal/exti/src/EXT_INT.o
 .data          0x00000000        0x0 src/mcal/exti/src/EXT_INT.o
 .bss           0x00000000        0x0 src/mcal/exti/src/EXT_INT.o
 .text.EXT_voidEnableExtInt
                0x00000000       0x9a src/mcal/exti/src/EXT_INT.o
 .text.EXT_voidDisableExtInt
                0x00000000       0x20 src/mcal/exti/src/EXT_INT.o
 .text.SetCallBack_ExtInt
                0x00000000       0x1e src/mcal/exti/src/EXT_INT.o
 .text          0x00000000        0x0 src/mcal/timers/src/timers.o
 .data          0x00000000        0x0 src/mcal/timers/src/timers.o
 .bss           0x00000000        0x0 src/mcal/timers/src/timers.o
 .text.Timer0_Init
                0x00000000       0xca src/mcal/timers/src/timers.o
 .progmem.gcc_sw_table.Timer0_Init
                0x00000000       0x10 src/mcal/timers/src/timers.o
 .text.Timer0_StartFrom
                0x00000000        0x4 src/mcal/timers/src/timers.o
 .text.Timer0_Read
                0x00000000        0x4 src/mcal/timers/src/timers.o
 .text.Timer0_End_at
                0x00000000        0x6 src/mcal/timers/src/timers.o
 .text.Timer0_Delay_ms
                0x00000000       0x3a src/mcal/timers/src/timers.o
 .text.Timer0_Interrupt
                0x00000000       0x38 src/mcal/timers/src/timers.o
 .text.Timer0_SetCallBack_Interrupt
                0x00000000       0x1e src/mcal/timers/src/timers.o
 .text.Timer1_Init
                0x00000000       0x8c src/mcal/timers/src/timers.o
 .text.Timer1_OCU_Init
                0x00000000       0x74 src/mcal/timers/src/timers.o
 .text.Timer1_StartFrom
                0x00000000        0x6 src/mcal/timers/src/timers.o
 .text.Timer1_Read
                0x00000000        0x6 src/mcal/timers/src/timers.o
 .text.Timer1_Interrupt
                0x00000000       0x68 src/mcal/timers/src/timers.o
 .text.Timer1_End_at
                0x00000000       0x16 src/mcal/timers/src/timers.o
 .text.Timer1_SetCallBack_Interrupt
                0x00000000       0x38 src/mcal/timers/src/timers.o
 .text.Timer2_Init
                0x00000000       0xc0 src/mcal/timers/src/timers.o
 .text.Timer2_StartFrom
                0x00000000        0x4 src/mcal/timers/src/timers.o
 .text.Timer2_Read
                0x00000000        0x4 src/mcal/timers/src/timers.o
 .text.Timer2_End_at
                0x00000000        0x4 src/mcal/timers/src/timers.o
 .text.Timer2_Interrupt
                0x00000000       0x38 src/mcal/timers/src/timers.o
 .text.Timer2_SetCallBack_Interrupt
                0x00000000       0x1e src/mcal/timers/src/timers.o
 .text          0x00000000        0x0 src/mcal/uart/src/uart.o
 .data          0x00000000        0x0 src/mcal/uart/src/uart.o
 .bss           0x00000000        0x0 src/mcal/uart/src/uart.o
 .text.UART_TransmitStrPoll
                0x00000000        0xe src/mcal/uart/src/uart.o
 .text.Uart_Satus
                0x00000000        0xa src/mcal/uart/src/uart.o
 .bss.flag      0x00000000        0x1 src/mcal/uart/src/uart.o
 .text          0x00000000        0x0 src/services/comM/src/comM.o
 .data          0x00000000        0x0 src/services/comM/src/comM.o
 .bss           0x00000000        0x0 src/services/comM/src/comM.o
 .text.Message_Is_Complete
                0x00000000       0x12 src/services/comM/src/comM.o
 .text.Receive_Message
                0x00000000       0x16 src/services/comM/src/comM.o
 .bss.Rx_Start  0x00000000        0x1 src/services/comM/src/comM.o
 .bss.Tx_Start  0x00000000        0x1 src/services/comM/src/comM.o
 .text          0x00000000        0x0 c:/program files (x86)/atmel/studio/7.0/toolchain/avr8/avr8-gnu-toolchain/bin/../lib/gcc/avr/5.4.0/avr5\libgcc.a(_udivmodhi4.o)
 .data          0x00000000        0x0 c:/program files (x86)/atmel/studio/7.0/toolchain/avr8/avr8-gnu-toolchain/bin/../lib/gcc/avr/5.4.0/avr5\libgcc.a(_udivmodhi4.o)
 .bss           0x00000000        0x0 c:/program files (x86)/atmel/studio/7.0/toolchain/avr8/avr8-gnu-toolchain/bin/../lib/gcc/avr/5.4.0/avr5\libgcc.a(_udivmodhi4.o)
 .text.libgcc.mul
                0x00000000        0x0 c:/program files (x86)/atmel/studio/7.0/toolchain/avr8/avr8-gnu-toolchain/bin/../lib/gcc/avr/5.4.0/avr5\libgcc.a(_udivmodhi4.o)
 .text.libgcc.div
                0x00000000       0x28 c:/program files (x86)/atmel/studio/7.0/toolchain/avr8/avr8-gnu-toolchain/bin/../lib/gcc/avr/5.4.0/avr5\libgcc.a(_udivmodhi4.o)
 .text.libgcc   0x00000000        0x0 c:/program files (x86)/atmel/studio/7.0/toolchain/avr8/avr8-gnu-toolchain/bin/../lib/gcc/avr/5.4.0/avr5\libgcc.a(_udivmodhi4.o)
 .text.libgcc.prologue
                0x00000000        0x0 c:/program files (x86)/atmel/studio/7.0/toolchain/avr8/avr8-gnu-toolchain/bin/../lib/gcc/avr/5.4.0/avr5\libgcc.a(_udivmodhi4.o)
 .text.libgcc.builtins
                0x00000000        0x0 c:/program files (x86)/atmel/studio/7.0/toolchain/avr8/avr8-gnu-toolchain/bin/../lib/gcc/avr/5.4.0/avr5\libgcc.a(_udivmodhi4.o)
 .text.libgcc.fmul
                0x00000000        0x0 c:/program files (x86)/atmel/studio/7.0/toolchain/avr8/avr8-gnu-toolchain/bin/../lib/gcc/avr/5.4.0/avr5\libgcc.a(_udivmodhi4.o)
 .text.libgcc.fixed
                0x00000000        0x0 c:/program files (x86)/atmel/studio/7.0/toolchain/avr8/avr8-gnu-toolchain/bin/../lib/gcc/avr/5.4.0/avr5\libgcc.a(_udivmodhi4.o)
 .text          0x00000000        0x0 c:/program files (x86)/atmel/studio/7.0/toolchain/avr8/avr8-gnu-toolchain/bin/../lib/gcc/avr/5.4.0/avr5\libgcc.a(_udivmodsi4.o)
 .data          0x00000000        0x0 c:/program files (x86)/atmel/studio/7.0/toolchain/avr8/avr8-gnu-toolchain/bin/../lib/gcc/avr/5.4.0/avr5\libgcc.a(_udivmodsi4.o)
 .bss           0x00000000        0x0 c:/program files (x86)/atmel/studio/7.0/toolchain/avr8/avr8-gnu-toolchain/bin/../lib/gcc/avr/5.4.0/avr5\libgcc.a(_udivmodsi4.o)
 .text.libgcc.mul
                0x00000000        0x0 c:/program files (x86)/atmel/studio/7.0/toolchain/avr8/avr8-gnu-toolchain/bin/../lib/gcc/avr/5.4.0/avr5\libgcc.a(_udivmodsi4.o)
 .text.libgcc.div
                0x00000000       0x44 c:/program files (x86)/atmel/studio/7.0/toolchain/avr8/avr8-gnu-toolchain/bin/../lib/gcc/avr/5.4.0/avr5\libgcc.a(_udivmodsi4.o)
 .text.libgcc   0x00000000        0x0 c:/program files (x86)/atmel/studio/7.0/toolchain/avr8/avr8-gnu-toolchain/bin/../lib/gcc/avr/5.4.0/avr5\libgcc.a(_udivmodsi4.o)
 .text.libgcc.prologue
                0x00000000        0x0 c:/program files (x86)/atmel/studio/7.0/toolchain/avr8/avr8-gnu-toolchain/bin/../lib/gcc/avr/5.4.0/avr5\libgcc.a(_udivmodsi4.o)
 .text.libgcc.builtins
                0x00000000        0x0 c:/program files (x86)/atmel/studio/7.0/toolchain/avr8/avr8-gnu-toolchain/bin/../lib/gcc/avr/5.4.0/avr5\libgcc.a(_udivmodsi4.o)
 .text.libgcc.fmul
                0x00000000        0x0 c:/program files (x86)/atmel/studio/7.0/toolchain/avr8/avr8-gnu-toolchain/bin/../lib/gcc/avr/5.4.0/avr5\libgcc.a(_udivmodsi4.o)
 .text.libgcc.fixed
                0x00000000        0x0 c:/program files (x86)/atmel/studio/7.0/toolchain/avr8/avr8-gnu-toolchain/bin/../lib/gcc/avr/5.4.0/avr5\libgcc.a(_udivmodsi4.o)
 .text          0x00000000        0x0 c:/program files (x86)/atmel/studio/7.0/toolchain/avr8/avr8-gnu-toolchain/bin/../lib/gcc/avr/5.4.0/avr5\libgcc.a(_exit.o)
 .data          0x00000000        0x0 c:/program files (x86)/atmel/studio/7.0/toolchain/avr8/avr8-gnu-toolchain/bin/../lib/gcc/avr/5.4.0/avr5\libgcc.a(_exit.o)
 .bss           0x00000000        0x0 c:/program files (x86)/atmel/studio/7.0/toolchain/avr8/avr8-gnu-toolchain/bin/../lib/gcc/avr/5.4.0/avr5\libgcc.a(_exit.o)
 .text.libgcc.mul
                0x00000000        0x0 c:/program files (x86)/atmel/studio/7.0/toolchain/avr8/avr8-gnu-toolchain/bin/../lib/gcc/avr/5.4.0/avr5\libgcc.a(_exit.o)
 .text.libgcc.div
                0x00000000        0x0 c:/program files (x86)/atmel/studio/7.0/toolchain/avr8/avr8-gnu-toolchain/bin/../lib/gcc/avr/5.4.0/avr5\libgcc.a(_exit.o)
 .text.libgcc   0x00000000        0x0 c:/program files (x86)/atmel/studio/7.0/toolchain/avr8/avr8-gnu-toolchain/bin/../lib/gcc/avr/5.4.0/avr5\libgcc.a(_exit.o)
 .text.libgcc.prologue
                0x00000000        0x0 c:/program files (x86)/atmel/studio/7.0/toolchain/avr8/avr8-gnu-toolchain/bin/../lib/gcc/avr/5.4.0/avr5\libgcc.a(_exit.o)
 .text.libgcc.builtins
                0x00000000        0x0 c:/program files (x86)/atmel/studio/7.0/toolchain/avr8/avr8-gnu-toolchain/bin/../lib/gcc/avr/5.4.0/avr5\libgcc.a(_exit.o)
 .text.libgcc.fmul
                0x00000000        0x0 c:/program files (x86)/atmel/studio/7.0/toolchain/avr8/avr8-gnu-toolchain/bin/../lib/gcc/avr/5.4.0/avr5\libgcc.a(_exit.o)
 .text.libgcc.fixed
                0x00000000        0x0 c:/program files (x86)/atmel/studio/7.0/toolchain/avr8/avr8-gnu-toolchain/bin/../lib/gcc/avr/5.4.0/avr5\libgcc.a(_exit.o)
 .text          0x00000000        0x0 c:/program files (x86)/atmel/studio/7.0/toolchain/avr8/avr8-gnu-toolchain/bin/../lib/gcc/avr/5.4.0/avr5\libgcc.a(_tablejump2.o)
 .data          0x00000000        0x0 c:/program files (x86)/atmel/studio/7.0/toolchain/avr8/avr8-gnu-toolchain/bin/../lib/gcc/avr/5.4.0/avr5\libgcc.a(_tablejump2.o)
 .bss           0x00000000        0x0 c:/program files (x86)/atmel/studio/7.0/toolchain/avr8/avr8-gnu-toolchain/bin/../lib/gcc/avr/5.4.0/avr5\libgcc.a(_tablejump2.o)
 .text.libgcc.mul
                0x00000000        0x0 c:/program files (x86)/atmel/studio/7.0/toolchain/avr8/avr8-gnu-toolchain/bin/../lib/gcc/avr/5.4.0/avr5\libgcc.a(_tablejump2.o)
 .text.libgcc.div
                0x00000000        0x0 c:/program files (x86)/atmel/studio/7.0/toolchain/avr8/avr8-gnu-toolchain/bin/../lib/gcc/avr/5.4.0/avr5\libgcc.a(_tablejump2.o)
 .text.libgcc   0x00000000        0xc c:/program files (x86)/atmel/studio/7.0/toolchain/avr8/avr8-gnu-toolchain/bin/../lib/gcc/avr/5.4.0/avr5\libgcc.a(_tablejump2.o)
 .text.libgcc.prologue
                0x00000000        0x0 c:/program files (x86)/atmel/studio/7.0/toolchain/avr8/avr8-gnu-toolchain/bin/../lib/gcc/avr/5.4.0/avr5\libgcc.a(_tablejump2.o)
 .text.libgcc.builtins
                0x00000000        0x0 c:/program files (x86)/atmel/studio/7.0/toolchain/avr8/avr8-gnu-toolchain/bin/../lib/gcc/avr/5.4.0/avr5\libgcc.a(_tablejump2.o)
 .text.libgcc.fmul
                0x00000000        0x0 c:/program files (x86)/atmel/studio/7.0/toolchain/avr8/avr8-gnu-toolchain/bin/../lib/gcc/avr/5.4.0/avr5\libgcc.a(_tablejump2.o)
 .text.libgcc.fixed
                0x00000000        0x0 c:/program files (x86)/atmel/studio/7.0/toolchain/avr8/avr8-gnu-toolchain/bin/../lib/gcc/avr/5.4.0/avr5\libgcc.a(_tablejump2.o)
 .text          0x00000000        0x0 c:/program files (x86)/atmel/studio/7.0/toolchain/avr8/avr8-gnu-toolchain/bin/../lib/gcc/avr/5.4.0/avr5\libgcc.a(_copy_data.o)
 .data          0x00000000        0x0 c:/program files (x86)/atmel/studio/7.0/toolchain/avr8/avr8-gnu-toolchain/bin/../lib/gcc/avr/5.4.0/avr5\libgcc.a(_copy_data.o)
 .bss           0x00000000        0x0 c:/program files (x86)/atmel/studio/7.0/toolchain/avr8/avr8-gnu-toolchain/bin/../lib/gcc/avr/5.4.0/avr5\libgcc.a(_copy_data.o)
 .text.libgcc.mul
                0x00000000        0x0 c:/program files (x86)/atmel/studio/7.0/toolchain/avr8/avr8-gnu-toolchain/bin/../lib/gcc/avr/5.4.0/avr5\libgcc.a(_copy_data.o)
 .text.libgcc.div
                0x00000000        0x0 c:/program files (x86)/atmel/studio/7.0/toolchain/avr8/avr8-gnu-toolchain/bin/../lib/gcc/avr/5.4.0/avr5\libgcc.a(_copy_data.o)
 .text.libgcc   0x00000000        0x0 c:/program files (x86)/atmel/studio/7.0/toolchain/avr8/avr8-gnu-toolchain/bin/../lib/gcc/avr/5.4.0/avr5\libgcc.a(_copy_data.o)
 .text.libgcc.prologue
                0x00000000        0x0 c:/program files (x86)/atmel/studio/7.0/toolchain/avr8/avr8-gnu-toolchain/bin/../lib/gcc/avr/5.4.0/avr5\libgcc.a(_copy_data.o)
 .text.libgcc.builtins
                0x00000000        0x0 c:/program files (x86)/atmel/studio/7.0/toolchain/avr8/avr8-gnu-toolchain/bin/../lib/gcc/avr/5.4.0/avr5\libgcc.a(_copy_data.o)
 .text.libgcc.fmul
                0x00000000        0x0 c:/program files (x86)/atmel/studio/7.0/toolchain/avr8/avr8-gnu-toolchain/bin/../lib/gcc/avr/5.4.0/avr5\libgcc.a(_copy_data.o)
 .text.libgcc.fixed
                0x00000000        0x0 c:/program files (x86)/atmel/studio/7.0/toolchain/avr8/avr8-gnu-toolchain/bin/../lib/gcc/avr/5.4.0/avr5\libgcc.a(_copy_data.o)
 .text          0x00000000        0x0 c:/program files (x86)/atmel/studio/7.0/toolchain/avr8/avr8-gnu-toolchain/bin/../lib/gcc/avr/5.4.0/avr5\libgcc.a(_clear_bss.o)
 .data          0x00000000        0x0 c:/program files (x86)/atmel/studio/7.0/toolchain/avr8/avr8-gnu-toolchain/bin/../lib/gcc/avr/5.4.0/avr5\libgcc.a(_clear_bss.o)
 .bss           0x00000000        0x0 c:/program files (x86)/atmel/studio/7.0/toolchain/avr8/avr8-gnu-toolchain/bin/../lib/gcc/avr/5.4.0/avr5\libgcc.a(_clear_bss.o)
 .text.libgcc.mul
                0x00000000        0x0 c:/program files (x86)/atmel/studio/7.0/toolchain/avr8/avr8-gnu-toolchain/bin/../lib/gcc/avr/5.4.0/avr5\libgcc.a(_clear_bss.o)
 .text.libgcc.div
                0x00000000        0x0 c:/program files (x86)/atmel/studio/7.0/toolchain/avr8/avr8-gnu-toolchain/bin/../lib/gcc/avr/5.4.0/avr5\libgcc.a(_clear_bss.o)
 .text.libgcc   0x00000000        0x0 c:/program files (x86)/atmel/studio/7.0/toolchain/avr8/avr8-gnu-toolchain/bin/../lib/gcc/avr/5.4.0/avr5\libgcc.a(_clear_bss.o)
 .text.libgcc.prologue
                0x00000000        0x0 c:/program files (x86)/atmel/studio/7.0/toolchain/avr8/avr8-gnu-toolchain/bin/../lib/gcc/avr/5.4.0/avr5\libgcc.a(_clear_bss.o)
 .text.libgcc.builtins
                0x00000000        0x0 c:/program files (x86)/atmel/studio/7.0/toolchain/avr8/avr8-gnu-toolchain/bin/../lib/gcc/avr/5.4.0/avr5\libgcc.a(_clear_bss.o)
 .text.libgcc.fmul
                0x00000000        0x0 c:/program files (x86)/atmel/studio/7.0/toolchain/avr8/avr8-gnu-toolchain/bin/../lib/gcc/avr/5.4.0/avr5\libgcc.a(_clear_bss.o)
 .text.libgcc.fixed
                0x00000000        0x0 c:/program files (x86)/atmel/studio/7.0/toolchain/avr8/avr8-gnu-toolchain/bin/../lib/gcc/avr/5.4.0/avr5\libgcc.a(_clear_bss.o)
 .text          0x00000000        0x0 c:/program files (x86)/atmel/studio/7.0/toolchain/avr8/avr8-gnu-toolchain/bin/../lib/gcc/avr/5.4.0/avr5\libgcc.a(_umulhisi3.o)
 .data          0x00000000        0x0 c:/program files (x86)/atmel/studio/7.0/toolchain/avr8/avr8-gnu-toolchain/bin/../lib/gcc/avr/5.4.0/avr5\libgcc.a(_umulhisi3.o)
 .bss           0x00000000        0x0 c:/program files (x86)/atmel/studio/7.0/toolchain/avr8/avr8-gnu-toolchain/bin/../lib/gcc/avr/5.4.0/avr5\libgcc.a(_umulhisi3.o)
 .text.libgcc.mul
                0x00000000       0x1e c:/program files (x86)/atmel/studio/7.0/toolchain/avr8/avr8-gnu-toolchain/bin/../lib/gcc/avr/5.4.0/avr5\libgcc.a(_umulhisi3.o)
 .text.libgcc.div
                0x00000000        0x0 c:/program files (x86)/atmel/studio/7.0/toolchain/avr8/avr8-gnu-toolchain/bin/../lib/gcc/avr/5.4.0/avr5\libgcc.a(_umulhisi3.o)
 .text.libgcc   0x00000000        0x0 c:/program files (x86)/atmel/studio/7.0/toolchain/avr8/avr8-gnu-toolchain/bin/../lib/gcc/avr/5.4.0/avr5\libgcc.a(_umulhisi3.o)
 .text.libgcc.prologue
                0x00000000        0x0 c:/program files (x86)/atmel/studio/7.0/toolchain/avr8/avr8-gnu-toolchain/bin/../lib/gcc/avr/5.4.0/avr5\libgcc.a(_umulhisi3.o)
 .text.libgcc.builtins
                0x00000000        0x0 c:/program files (x86)/atmel/studio/7.0/toolchain/avr8/avr8-gnu-toolchain/bin/../lib/gcc/avr/5.4.0/avr5\libgcc.a(_umulhisi3.o)
 .text.libgcc.fmul
                0x00000000        0x0 c:/program files (x86)/atmel/studio/7.0/toolchain/avr8/avr8-gnu-toolchain/bin/../lib/gcc/avr/5.4.0/avr5\libgcc.a(_umulhisi3.o)
 .text.libgcc.fixed
                0x00000000        0x0 c:/program files (x86)/atmel/studio/7.0/toolchain/avr8/avr8-gnu-toolchain/bin/../lib/gcc/avr/5.4.0/avr5\libgcc.a(_umulhisi3.o)

Memory Configuration

Name             Origin             Length             Attributes
text             0x00000000         0x00008000         xr
data             0x00800060         0x00000800         rw !x
eeprom           0x00810000         0x00000400         rw !x
fuse             0x00820000         0x00000002         rw !x
lock             0x00830000         0x00000400         rw !x
signature        0x00840000         0x00000400         rw !x
user_signatures  0x00850000         0x00000400         rw !x
*default*        0x00000000         0xffffffff

Linker script and memory map

LOAD C:/Program Files (x86)/Atmel/Studio/7.0/Packs/atmel/ATmega_DFP/1.7.374/gcc/dev/atmega32a/avr5/crtatmega32a.o
LOAD Queue/src/queue.o
LOAD src/hal/app.o
LOAD src/hal/button/src/button.o
LOAD src/hal/keypad/src/keypad.o
LOAD src/hal/lcd/src/lcd.o
LOAD src/hal/lcd/src/lcd_cfg.o
LOAD src/hal/led/src/led.o
LOAD src/mcal/adc/src/adc.o
LOAD src/mcal/dio/src/dio.o
LOAD src/mcal/exti/src/EXT_INT.o
LOAD src/mcal/timers/src/timers.o
LOAD src/mcal/uart/src/uart.o
LOAD src/services/comM/src/comM.o
START GROUP
LOAD c:/program files (x86)/atmel/studio/7.0/toolchain/avr8/avr8-gnu-toolchain/bin/../lib/gcc/avr/5.4.0/../../../../avr/lib/avr5\libm.a
END GROUP
START GROUP
LOAD c:/program files (x86)/atmel/studio/7.0/toolchain/avr8/avr8-gnu-toolchain/bin/../lib/gcc/avr/5.4.0/avr5\libgcc.a
LOAD c:/program files (x86)/atmel/studio/7.0/toolchain/avr8/avr8-gnu-toolchain/bin/../lib/gcc/avr/5.4.0/../../../../avr/lib/avr5\libm.a
LOAD c:/program files (x86)/atmel/studio/7.0/toolchain/avr8/avr8-gnu-toolchain/bin/../lib/gcc/avr/5.4.0/../../../../avr/lib/avr5\libc.a
LOAD C:/Program Files (x86)/Atmel/Studio/7.0/Packs/atmel/ATmega_DFP/1.7.374/gcc/dev/atmega32a/avr5\libatmega32a.a
END GROUP
                [0x00000000]                __TEXT_REGION_ORIGIN__ = DEFINED (__TEXT_REGION_ORIGIN__)?__TEXT_REGION_ORIGIN__:0x0
                [0x00800060]                __DATA_REGION_ORIGIN__ = DEFINED (__DATA_REGION_ORIGIN__)?__DATA_REGION_ORIGIN__:0x800060
                [0x00008000]                __TEXT_REGION_LENGTH__ = DEFINED (__TEXT_REGION_LENGTH__)?__TEXT_REGION_LENGTH__:0x20000
                [0x00000800]                __DATA_REGION_LENGTH__ = DEFINED (__DATA_REGION_LENGTH__)?__DATA_REGION_LENGTH__:0xffa0
                [0x00000400]                __EEPROM_REGION_LENGTH__ = DEFINED (__EEPROM_REGION_LENGTH__)?__EEPROM_REGION_LENGTH__:0x10000
                [0x00000002]                __FUSE_REGION_LENGTH__ = DEFINED (__FUSE_REGION_LENGTH__)?__FUSE_REGION_LENGTH__:0x400
                0x00000400                __LOCK_REGION_LENGTH__ = DEFINED (__LOCK_REGION_LENGTH__)?__LOCK_REGION_LENGTH__:0x400
                0x00000400                __SIGNATURE_REGION_LENGTH__ = DEFINED (__SIGNATURE_REGION_LENGTH__)?__SIGNATURE_REGION_LENGTH__:0x400
                0x00000400                __USER_SIGNATURE_REGION_LENGTH__ = DEFINED (__USER_SIGNATURE_REGION_LENGTH__)?__USER_SIGNATURE_REGION_LENGTH__:0x400

.hash
 *(.hash)

.dynsym
 *(.dynsym)

.dynstr
 *(.dynstr)

.gnu.version
 *(.gnu.version)

.gnu.version_d
 *(.gnu.version_d)

.gnu.version_r
 *(.gnu.version_r)

.rel.init
 *(.rel.init)

.rela.init
 *(.rela.init)

.rel.text
 *(.rel.text)
 *(.rel.text.*)
 *(.rel.gnu.linkonce.t*)

.rela.text
 *(.rela.text)
 *(.rela.text.*)
 *(.rela.gnu.linkonce.t*)

.rel.fini
 *(.rel.fini)

.rela.fini
 *(.rela.fini)

.rel.rodata
 *(.rel.rodata)
 *(.rel.rodata.*)
 *(.rel.gnu.linkonce.r*)

.rela.rodata
 *(.rela.rodata)
 *(.rela.rodata.*)
 *(.rela.gnu.linkonce.r*)

.rel.data
 *(.rel.data)
 *(.rel.data.*)
 *(.rel.gnu.linkonce.d*)

.rela.data
 *(.rela.data)
 *(.rela.data.*)
 *(.rela.gnu.linkonce.d*)

.rel.ctors
 *(.rel.ctors)

.rela.ctors
 *(.rela.ctors)

.rel.dtors
 *(.rel.dtors)

.rela.dtors
 *(.rela.dtors)

.rel.got
 *(.rel.got)

.rela.got
 *(.rela.got)

.rel.bss
 *(.rel.bss)

.rela.bss
 *(.rela.bss)

.rel.plt
 *(.rel.plt)

.rela.plt
 *(.rela.plt)

.text           0x00000000      0x958
 *(.vectors)
 .vectors       0x00000000       0x54 C:/Program Files (x86)/Atmel/Studio/7.0/Packs/atmel/ATmega_DFP/1.7.374/gcc/dev/atmega32a/avr5/crtatmega32a.o
                0x00000000                __vector_default
                0x00000000                __vectors
 *(.vectors)
 *(.progmem.gcc*)
                0x00000054                . = ALIGN (0x2)
                0x00000054                __trampolines_start = .
 *(.trampolines)
 .trampolines   0x00000054        0x0 linker stubs
 *(.trampolines*)
                0x00000054                __trampolines_end = .
 *libprintf_flt.a:*(.progmem.data)
 *libc.a:*(.progmem.data)
 *(.progmem*)
                0x00000054                . = ALIGN (0x2)
 *(.jumptables)
 *(.jumptables*)
 *(.lowtext)
 *(.lowtext*)
                0x00000054                __ctors_start = .
 *(.ctors)
                0x00000054                __ctors_end = .
                0x00000054                __dtors_start = .
 *(.dtors)
                0x00000054                __dtors_end = .
 SORT(*)(.ctors)
 SORT(*)(.dtors)
 *(.init0)
 .init0         0x00000054        0x0 C:/Program Files (x86)/Atmel/Studio/7.0/Packs/atmel/ATmega_DFP/1.7.374/gcc/dev/atmega32a/avr5/crtatmega32a.o
                0x00000054                __init
 *(.init0)
 *(.init1)
 *(.init1)
 *(.init2)
 .init2         0x00000054        0xc C:/Program Files (x86)/Atmel/Studio/7.0/Packs/atmel/ATmega_DFP/1.7.374/gcc/dev/atmega32a/avr5/crtatmega32a.o
 *(.init2)
 *(.init3)
 *(.init3)
 *(.init4)
 .init4         0x00000060       0x16 c:/program files (x86)/atmel/studio/7.0/toolchain/avr8/avr8-gnu-toolchain/bin/../lib/gcc/avr/5.4.0/avr5\libgcc.a(_copy_data.o)
                0x00000060                __do_copy_data
 .init4         0x00000076       0x10 c:/program files (x86)/atmel/studio/7.0/toolchain/avr8/avr8-gnu-toolchain/bin/../lib/gcc/avr/5.4.0/avr5\libgcc.a(_clear_bss.o)
                0x00000076                __do_clear_bss
 *(.init4)
 *(.init5)
 *(.init5)
 *(.init6)
 *(.init6)
 *(.init7)
 *(.init7)
 *(.init8)
 *(.init8)
 *(.init9)
 .init9         0x00000086        0x8 C:/Program Files (x86)/Atmel/Studio/7.0/Packs/atmel/ATmega_DFP/1.7.374/gcc/dev/atmega32a/avr5/crtatmega32a.o
 *(.init9)
 *(.text)
 .text          0x0000008e        0x4 C:/Program Files (x86)/Atmel/Studio/7.0/Packs/atmel/ATmega_DFP/1.7.374/gcc/dev/atmega32a/avr5/crtatmega32a.o
                0x0000008e                __bad_interrupt
                0x0000008e                __vector_17
                0x0000008e                __vector_19
                0x0000008e                __vector_14
                0x0000008e                __vector_18
                0x0000008e                __vector_20
                0x0000008e                __vector_12
                0x00000092                . = ALIGN (0x2)
 *(.text.*)
 .text.Create_Buffer
                0x00000092       0x26 Queue/src/queue.o
                0x00000092                Create_Buffer
 .text.BufferStatus
                0x000000b8       0x18 Queue/src/queue.o
                0x000000b8                BufferStatus
 .text.Add_To_Buffer
                0x000000d0       0x52 Queue/src/queue.o
                0x000000d0                Add_To_Buffer
 .text.Get_From_Buffer
                0x00000122       0x58 Queue/src/queue.o
                0x00000122                Get_From_Buffer
 .text.startup.main
                0x0000017a       0x82 src/hal/app.o
                0x0000017a                main
 .text.led_init
                0x000001fc       0x28 src/hal/led/src/led.o
                0x000001fc                led_init
 .text.led_on   0x00000224       0x2e src/hal/led/src/led.o
                0x00000224                led_on
 .text.led_off  0x00000252       0x2e src/hal/led/src/led.o
                0x00000252                led_off
 .text.__vector_16
                0x00000280       0x52 src/mcal/adc/src/adc.o
                0x00000280                __vector_16
 .text.dio_vidConfigChannel
                0x000002d2       0x88 src/mcal/dio/src/dio.o
                0x000002d2                dio_vidConfigChannel
 .text.dio_vidWriteChannel
                0x0000035a       0x88 src/mcal/dio/src/dio.o
                0x0000035a                dio_vidWriteChannel
 .text.EXT_voidInitGlobalInterrupts
                0x000003e2        0x4 src/mcal/exti/src/EXT_INT.o
                0x000003e2                EXT_voidInitGlobalInterrupts
 .text.__vector_1
                0x000003e6       0x52 src/mcal/exti/src/EXT_INT.o
                0x000003e6                __vector_1
 .text.__vector_2
                0x00000438       0x52 src/mcal/exti/src/EXT_INT.o
                0x00000438                __vector_2
 .text.__vector_3
                0x0000048a       0x4a src/mcal/exti/src/EXT_INT.o
                0x0000048a                __vector_3
 .text.__vector_11
                0x000004d4       0x52 src/mcal/timers/src/timers.o
                0x000004d4                __vector_11
 .text.__vector_10
                0x00000526       0x52 src/mcal/timers/src/timers.o
                0x00000526                __vector_10
 .text.__vector_6
                0x00000578       0x52 src/mcal/timers/src/timers.o
                0x00000578                __vector_6
 .text.__vector_7
                0x000005ca       0x52 src/mcal/timers/src/timers.o
                0x000005ca                __vector_7
 .text.__vector_8
                0x0000061c       0x52 src/mcal/timers/src/timers.o
                0x0000061c                __vector_8
 .text.__vector_9
                0x0000066e       0x52 src/mcal/timers/src/timers.o
                0x0000066e                __vector_9
 .text.__vector_5
                0x000006c0       0x52 src/mcal/timers/src/timers.o
                0x000006c0                __vector_5
 .text.__vector_4
                0x00000712       0x52 src/mcal/timers/src/timers.o
                0x00000712                __vector_4
 .text.UART_Init
                0x00000764       0x14 src/mcal/uart/src/uart.o
                0x00000764                UART_Init
 .text.UART_TransmitChr
                0x00000778        0x4 src/mcal/uart/src/uart.o
                0x00000778                UART_TransmitChr
 .text.UART_ReceiveChr
                0x0000077c        0x4 src/mcal/uart/src/uart.o
                0x0000077c                UART_ReceiveChr
 .text.UART_SetCallBacks
                0x00000780       0x1e src/mcal/uart/src/uart.o
                0x00000780                UART_SetCallBacks
 .text.__vector_15
                0x0000079e       0x52 src/mcal/uart/src/uart.o
                0x0000079e                __vector_15
 .text.__vector_13
                0x000007f0       0x52 src/mcal/uart/src/uart.o
                0x000007f0                __vector_13
 .text.Rx_CallBack_Func
                0x00000842       0x4c src/services/comM/src/comM.o
                0x00000842                Rx_CallBack_Func
 .text.Tx_CallBack_Func
                0x0000088e       0x5a src/services/comM/src/comM.o
                0x0000088e                Tx_CallBack_Func
 .text.comM_init
                0x000008e8       0x20 src/services/comM/src/comM.o
                0x000008e8                comM_init
 .text.Send_Message
                0x00000908       0x4c src/services/comM/src/comM.o
                0x00000908                Send_Message
                0x00000954                . = ALIGN (0x2)
 *(.fini9)
 .fini9         0x00000954        0x0 c:/program files (x86)/atmel/studio/7.0/toolchain/avr8/avr8-gnu-toolchain/bin/../lib/gcc/avr/5.4.0/avr5\libgcc.a(_exit.o)
                0x00000954                _exit
                0x00000954                exit
 *(.fini9)
 *(.fini8)
 *(.fini8)
 *(.fini7)
 *(.fini7)
 *(.fini6)
 *(.fini6)
 *(.fini5)
 *(.fini5)
 *(.fini4)
 *(.fini4)
 *(.fini3)
 *(.fini3)
 *(.fini2)
 *(.fini2)
 *(.fini1)
 *(.fini1)
 *(.fini0)
 .fini0         0x00000954        0x4 c:/program files (x86)/atmel/studio/7.0/toolchain/avr8/avr8-gnu-toolchain/bin/../lib/gcc/avr/5.4.0/avr5\libgcc.a(_exit.o)
 *(.fini0)
                0x00000958                _etext = .

.data           0x00800060       0x58 load address 0x00000958
                0x00800060                PROVIDE (__data_start, .)
 *(.data)
 *(.data*)
 *(.gnu.linkonce.d*)
 *(.rodata)
 *(.rodata*)
 .rodata.str1.1
                0x00800060       0x58 src/hal/app.o
 *(.gnu.linkonce.r*)
                0x008000b8                . = ALIGN (0x2)
                0x008000b8                _edata = .
                0x008000b8                PROVIDE (__data_end, .)

.bss            0x008000b8      0x2ad
                0x008000b8                PROVIDE (__bss_start, .)
 *(.bss)
 *(.bss*)
 .bss.buffer_size
                0x008000b8        0x1 Queue/src/queue.o
 .bss.Get_Index
                0x008000b9        0x1 Queue/src/queue.o
 .bss.Add_Index
                0x008000ba        0x1 Queue/src/queue.o
 .bss.fptr_ADC  0x008000bb        0x2 src/mcal/adc/src/adc.o
 .bss.Fptr_INT1
                0x008000bd        0x2 src/mcal/exti/src/EXT_INT.o
 .bss.Fptr_INT0
                0x008000bf        0x2 src/mcal/exti/src/EXT_INT.o
 .bss.Fptr_T2_OC
                0x008000c1        0x2 src/mcal/timers/src/timers.o
 .bss.Fptr_T2_OV
                0x008000c3        0x2 src/mcal/timers/src/timers.o
 .bss.Fptr_T1_ICU
                0x008000c5        0x2 src/mcal/timers/src/timers.o
 .bss.Fptr_T1_OCB
                0x008000c7        0x2 src/mcal/timers/src/timers.o
 .bss.Fptr_T1_OCA
                0x008000c9        0x2 src/mcal/timers/src/timers.o
 .bss.Fptr_T1_OV
                0x008000cb        0x2 src/mcal/timers/src/timers.o
 .bss.Fptr_T0_OC
                0x008000cd        0x2 src/mcal/timers/src/timers.o
 .bss.Fptr_T0_OV
                0x008000cf        0x2 src/mcal/timers/src/timers.o
 .bss.Rx_PTR_CLB
                0x008000d1        0x2 src/mcal/uart/src/uart.o
 .bss.Tx_PTR_CLB
                0x008000d3        0x2 src/mcal/uart/src/uart.o
 .bss.First_Send_Complete
                0x008000d5        0x1 src/services/comM/src/comM.o
                0x008000d5                First_Send_Complete
 .bss.First_Send
                0x008000d6        0x1 src/services/comM/src/comM.o
                0x008000d6                First_Send
 .bss.Rx_Is_Complete
                0x008000d7        0x1 src/services/comM/src/comM.o
                0x008000d7                Rx_Is_Complete
 .bss.rx_index  0x008000d8        0x1 src/services/comM/src/comM.o
                0x008000d8                rx_index
 .bss.tx_1_index
                0x008000d9        0x1 src/services/comM/src/comM.o
                0x008000d9                tx_1_index
 .bss.tx_index  0x008000da        0x1 src/services/comM/src/comM.o
                0x008000da                tx_index
 *(COMMON)
 COMMON         0x008000db      0x1f4 Queue/src/queue.o
                0x008000db                Buffer_arr
 COMMON         0x008002cf       0x96 src/services/comM/src/comM.o
                0x008002cf                tx_1_buffer
                0x00800301                rx_buffer
                0x00800333                tx_buffer
                0x00800365                PROVIDE (__bss_end, .)
                0x00000958                __data_load_start = LOADADDR (.data)
                0x000009b0                __data_load_end = (__data_load_start + SIZEOF (.data))

.noinit         0x00800365        0x0
                [!provide]                PROVIDE (__noinit_start, .)
 *(.noinit*)
                [!provide]                PROVIDE (__noinit_end, .)
                0x00800365                _end = .
                [!provide]                PROVIDE (__heap_start, .)

.eeprom         0x00810000        0x0
 *(.eeprom*)
                0x00810000                __eeprom_end = .

.fuse
 *(.fuse)
 *(.lfuse)
 *(.hfuse)
 *(.efuse)

.lock
 *(.lock*)

.signature
 *(.signature*)

.user_signatures
 *(.user_signatures*)

.stab
 *(.stab)

.stabstr
 *(.stabstr)

.stab.excl
 *(.stab.excl)

.stab.exclstr
 *(.stab.exclstr)

.stab.index
 *(.stab.index)

.stab.indexstr
 *(.stab.indexstr)

.comment        0x00000000       0x30
 *(.comment)
 .comment       0x00000000       0x30 Queue/src/queue.o
                                 0x31 (size before relaxing)
 .comment       0x00000030       0x31 src/hal/app.o
 .comment       0x00000030       0x31 src/hal/led/src/led.o
 .comment       0x00000030       0x31 src/mcal/adc/src/adc.o
 .comment       0x00000030       0x31 src/mcal/dio/src/dio.o
 .comment       0x00000030       0x31 src/mcal/exti/src/EXT_INT.o
 .comment       0x00000030       0x31 src/mcal/timers/src/timers.o
 .comment       0x00000030       0x31 src/mcal/uart/src/uart.o
 .comment       0x00000030       0x31 src/services/comM/src/comM.o

.note.gnu.avr.deviceinfo
                0x00000000       0x3c
 .note.gnu.avr.deviceinfo
                0x00000000       0x3c C:/Program Files (x86)/Atmel/Studio/7.0/Packs/atmel/ATmega_DFP/1.7.374/gcc/dev/atmega32a/avr5/crtatmega32a.o

.note.gnu.build-id
 *(.note.gnu.build-id)

.debug
 *(.debug)

.line
 *(.line)

.debug_srcinfo
 *(.debug_srcinfo)

.debug_sfnames
 *(.debug_sfnames)

.debug_aranges
 *(.debug_aranges)

.debug_pubnames
 *(.debug_pubnames)

.debug_info     0x00000000      0x4e6
 *(.debug_info .gnu.linkonce.wi.*)
 .debug_info    0x00000000      0x4e6 C:/Program Files (x86)/Atmel/Studio/7.0/Packs/atmel/ATmega_DFP/1.7.374/gcc/dev/atmega32a/avr5/crtatmega32a.o

.debug_abbrev   0x00000000      0x4a3
 *(.debug_abbrev)
 .debug_abbrev  0x00000000      0x4a3 C:/Program Files (x86)/Atmel/Studio/7.0/Packs/atmel/ATmega_DFP/1.7.374/gcc/dev/atmega32a/avr5/crtatmega32a.o

.debug_line     0x00000000      0x116
 *(.debug_line .debug_line.* .debug_line_end)
 .debug_line    0x00000000      0x116 C:/Program Files (x86)/Atmel/Studio/7.0/Packs/atmel/ATmega_DFP/1.7.374/gcc/dev/atmega32a/avr5/crtatmega32a.o

.debug_frame
 *(.debug_frame)

.debug_str      0x00000000      0x196
 *(.debug_str)
 .debug_str     0x00000000      0x196 C:/Program Files (x86)/Atmel/Studio/7.0/Packs/atmel/ATmega_DFP/1.7.374/gcc/dev/atmega32a/avr5/crtatmega32a.o

.debug_loc
 *(.debug_loc)

.debug_macinfo
 *(.debug_macinfo)

.debug_weaknames
 *(.debug_weaknames)

.debug_funcnames
 *(.debug_funcnames)

.debug_typenames
 *(.debug_typenames)

.debug_varnames
 *(.debug_varnames)

.debug_pubtypes
 *(.debug_pubtypes)

.debug_ranges
 *(.debug_ranges)

.debug_macro
 *(.debug_macro)
OUTPUT(NTI_4M_Diploma.elf elf32-avr)
LOAD linker stubs
